Archive member included to satisfy reference by file (symbol)

c:/st/stm32cubeide_1.8.0/stm32cubeide/plugins/com.st.stm32cube.ide.mcu.externaltools.gnu-tools-for-stm32.9-2020-q2-update.win32_2.0.0.202105311346/tools/bin/../lib/gcc/arm-none-eabi/9.3.1/../../../../arm-none-eabi/lib/thumb/v7-m/nofp\libc_nano.a(lib_a-errno.o)
                              ./Core/Src/syscalls.o (__errno)
c:/st/stm32cubeide_1.8.0/stm32cubeide/plugins/com.st.stm32cube.ide.mcu.externaltools.gnu-tools-for-stm32.9-2020-q2-update.win32_2.0.0.202105311346/tools/bin/../lib/gcc/arm-none-eabi/9.3.1/../../../../arm-none-eabi/lib/thumb/v7-m/nofp\libc_nano.a(lib_a-exit.o)
                              c:/st/stm32cubeide_1.8.0/stm32cubeide/plugins/com.st.stm32cube.ide.mcu.externaltools.gnu-tools-for-stm32.9-2020-q2-update.win32_2.0.0.202105311346/tools/bin/../lib/gcc/arm-none-eabi/9.3.1/../../../../arm-none-eabi/lib/thumb/v7-m/nofp/crt0.o (exit)
c:/st/stm32cubeide_1.8.0/stm32cubeide/plugins/com.st.stm32cube.ide.mcu.externaltools.gnu-tools-for-stm32.9-2020-q2-update.win32_2.0.0.202105311346/tools/bin/../lib/gcc/arm-none-eabi/9.3.1/../../../../arm-none-eabi/lib/thumb/v7-m/nofp\libc_nano.a(lib_a-impure.o)
                              c:/st/stm32cubeide_1.8.0/stm32cubeide/plugins/com.st.stm32cube.ide.mcu.externaltools.gnu-tools-for-stm32.9-2020-q2-update.win32_2.0.0.202105311346/tools/bin/../lib/gcc/arm-none-eabi/9.3.1/../../../../arm-none-eabi/lib/thumb/v7-m/nofp\libc_nano.a(lib_a-exit.o) (_global_impure_ptr)
c:/st/stm32cubeide_1.8.0/stm32cubeide/plugins/com.st.stm32cube.ide.mcu.externaltools.gnu-tools-for-stm32.9-2020-q2-update.win32_2.0.0.202105311346/tools/bin/../lib/gcc/arm-none-eabi/9.3.1/../../../../arm-none-eabi/lib/thumb/v7-m/nofp\libc_nano.a(lib_a-init.o)
                              c:/st/stm32cubeide_1.8.0/stm32cubeide/plugins/com.st.stm32cube.ide.mcu.externaltools.gnu-tools-for-stm32.9-2020-q2-update.win32_2.0.0.202105311346/tools/bin/../lib/gcc/arm-none-eabi/9.3.1/../../../../arm-none-eabi/lib/thumb/v7-m/nofp/crt0.o (__libc_init_array)
c:/st/stm32cubeide_1.8.0/stm32cubeide/plugins/com.st.stm32cube.ide.mcu.externaltools.gnu-tools-for-stm32.9-2020-q2-update.win32_2.0.0.202105311346/tools/bin/../lib/gcc/arm-none-eabi/9.3.1/../../../../arm-none-eabi/lib/thumb/v7-m/nofp\libc_nano.a(lib_a-memset.o)
                              c:/st/stm32cubeide_1.8.0/stm32cubeide/plugins/com.st.stm32cube.ide.mcu.externaltools.gnu-tools-for-stm32.9-2020-q2-update.win32_2.0.0.202105311346/tools/bin/../lib/gcc/arm-none-eabi/9.3.1/../../../../arm-none-eabi/lib/thumb/v7-m/nofp/crt0.o (memset)

Allocating common symbols
Common symbol       size              file

USERPath            0x4               ./FATFS/App/fatfs.o
hUsbDeviceFS        0x2c4             ./USB_DEVICE/App/usb_device.o
hspi2               0x58              ./Core/Src/main.o
uwTick              0x4               ./Drivers/STM32F1xx_HAL_Driver/Src/stm32f1xx_hal.o
pFlash              0x20              ./Drivers/STM32F1xx_HAL_Driver/Src/stm32f1xx_hal_flash.o
hadc1               0x30              ./Core/Src/main.o
retUSER             0x1               ./FATFS/App/fatfs.o
hrtc                0x14              ./Core/Src/main.o
huart2              0x44              ./Core/Src/main.o
hpcd_USB_FS         0x2ec             ./USB_DEVICE/Target/usbd_conf.o
USBD_StrDesc        0x200             ./USB_DEVICE/App/usbd_desc.o
USERFile            0x22c             ./FATFS/App/fatfs.o
USERFatFS           0x230             ./FATFS/App/fatfs.o

Discarded input sections

 .text          0x0000000000000000        0x0 c:/st/stm32cubeide_1.8.0/stm32cubeide/plugins/com.st.stm32cube.ide.mcu.externaltools.gnu-tools-for-stm32.9-2020-q2-update.win32_2.0.0.202105311346/tools/bin/../lib/gcc/arm-none-eabi/9.3.1/thumb/v7-m/nofp/crti.o
 .data          0x0000000000000000        0x0 c:/st/stm32cubeide_1.8.0/stm32cubeide/plugins/com.st.stm32cube.ide.mcu.externaltools.gnu-tools-for-stm32.9-2020-q2-update.win32_2.0.0.202105311346/tools/bin/../lib/gcc/arm-none-eabi/9.3.1/thumb/v7-m/nofp/crti.o
 .bss           0x0000000000000000        0x0 c:/st/stm32cubeide_1.8.0/stm32cubeide/plugins/com.st.stm32cube.ide.mcu.externaltools.gnu-tools-for-stm32.9-2020-q2-update.win32_2.0.0.202105311346/tools/bin/../lib/gcc/arm-none-eabi/9.3.1/thumb/v7-m/nofp/crti.o
 .data          0x0000000000000000        0x4 c:/st/stm32cubeide_1.8.0/stm32cubeide/plugins/com.st.stm32cube.ide.mcu.externaltools.gnu-tools-for-stm32.9-2020-q2-update.win32_2.0.0.202105311346/tools/bin/../lib/gcc/arm-none-eabi/9.3.1/thumb/v7-m/nofp/crtbegin.o
 .text          0x0000000000000000       0x7c c:/st/stm32cubeide_1.8.0/stm32cubeide/plugins/com.st.stm32cube.ide.mcu.externaltools.gnu-tools-for-stm32.9-2020-q2-update.win32_2.0.0.202105311346/tools/bin/../lib/gcc/arm-none-eabi/9.3.1/../../../../arm-none-eabi/lib/thumb/v7-m/nofp/crt0.o
[...]
Memory Configuration

Name             Origin             Length             Attributes
RAM              0x0000000020000000 0x0000000000005000 xrw
FLASH            0x0000000008000000 0x0000000000010000 xr
*default*        0x0000000000000000 0xffffffffffffffff

Linker script and memory map

LOAD c:/st/stm32cubeide_1.8.0/stm32cubeide/plugins/com.st.stm32cube.ide.mcu.externaltools.gnu-tools-for-stm32.9-2020-q2-update.win32_2.0.0.202105311346/tools/bin/../lib/gcc/arm-none-eabi/9.3.1/thumb/v7-m/nofp/crti.o
LOAD c:/st/stm32cubeide_1.8.0/stm32cubeide/plugins/com.st.stm32cube.ide.mcu.externaltools.gnu-tools-for-stm32.9-2020-q2-update.win32_2.0.0.202105311346/tools/bin/../lib/gcc/arm-none-eabi/9.3.1/thumb/v7-m/nofp/crtbegin.o
LOAD c:/st/stm32cubeide_1.8.0/stm32cubeide/plugins/com.st.stm32cube.ide.mcu.externaltools.gnu-tools-for-stm32.9-2020-q2-update.win32_2.0.0.202105311346/tools/bin/../lib/gcc/arm-none-eabi/9.3.1/../../../../arm-none-eabi/lib/thumb/v7-m/nofp/crt0.o
LOAD ./Core/Src/main.o
LOAD ./Core/Src/stm32f1xx_hal_msp.o
LOAD ./Core/Src/stm32f1xx_it.o
LOAD ./Core/Src/syscalls.o
LOAD ./Core/Src/sysmem.o
LOAD ./Core/Src/system_stm32f1xx.o
LOAD ./Core/Startup/startup_stm32f103c8tx.o
LOAD ./Drivers/STM32F1xx_HAL_Driver/Src/stm32f1xx_hal.o
LOAD ./Drivers/STM32F1xx_HAL_Driver/Src/stm32f1xx_hal_adc.o
LOAD ./Drivers/STM32F1xx_HAL_Driver/Src/stm32f1xx_hal_adc_ex.o
LOAD ./Drivers/STM32F1xx_HAL_Driver/Src/stm32f1xx_hal_cortex.o
LOAD ./Drivers/STM32F1xx_HAL_Driver/Src/stm32f1xx_hal_dma.o
LOAD ./Drivers/STM32F1xx_HAL_Driver/Src/stm32f1xx_hal_exti.o
LOAD ./Drivers/STM32F1xx_HAL_Driver/Src/stm32f1xx_hal_flash.o
LOAD ./Drivers/STM32F1xx_HAL_Driver/Src/stm32f1xx_hal_flash_ex.o
LOAD ./Drivers/STM32F1xx_HAL_Driver/Src/stm32f1xx_hal_gpio.o
LOAD ./Drivers/STM32F1xx_HAL_Driver/Src/stm32f1xx_hal_gpio_ex.o
LOAD ./Drivers/STM32F1xx_HAL_Driver/Src/stm32f1xx_hal_pcd.o
LOAD ./Drivers/STM32F1xx_HAL_Driver/Src/stm32f1xx_hal_pcd_ex.o
LOAD ./Drivers/STM32F1xx_HAL_Driver/Src/stm32f1xx_hal_pwr.o
LOAD ./Drivers/STM32F1xx_HAL_Driver/Src/stm32f1xx_hal_rcc.o
LOAD ./Drivers/STM32F1xx_HAL_Driver/Src/stm32f1xx_hal_rcc_ex.o
LOAD ./Drivers/STM32F1xx_HAL_Driver/Src/stm32f1xx_hal_rtc.o
LOAD ./Drivers/STM32F1xx_HAL_Driver/Src/stm32f1xx_hal_rtc_ex.o
LOAD ./Drivers/STM32F1xx_HAL_Driver/Src/stm32f1xx_hal_spi.o
LOAD ./Drivers/STM32F1xx_HAL_Driver/Src/stm32f1xx_hal_tim.o
LOAD ./Drivers/STM32F1xx_HAL_Driver/Src/stm32f1xx_hal_tim_ex.o
LOAD ./Drivers/STM32F1xx_HAL_Driver/Src/stm32f1xx_hal_uart.o
LOAD ./Drivers/STM32F1xx_HAL_Driver/Src/stm32f1xx_ll_usb.o
LOAD ./FATFS/App/fatfs.o
LOAD ./FATFS/Target/user_diskio.o
LOAD ./Middlewares/ST/STM32_USB_Device_Library/Class/MSC/Src/usbd_msc.o
LOAD ./Middlewares/ST/STM32_USB_Device_Library/Class/MSC/Src/usbd_msc_bot.o
LOAD ./Middlewares/ST/STM32_USB_Device_Library/Class/MSC/Src/usbd_msc_data.o
LOAD ./Middlewares/ST/STM32_USB_Device_Library/Class/MSC/Src/usbd_msc_scsi.o
LOAD ./Middlewares/ST/STM32_USB_Device_Library/Core/Src/usbd_core.o
LOAD ./Middlewares/ST/STM32_USB_Device_Library/Core/Src/usbd_ctlreq.o
LOAD ./Middlewares/ST/STM32_USB_Device_Library/Core/Src/usbd_ioreq.o
LOAD ./Middlewares/Third_Party/FatFs/src/diskio.o
LOAD ./Middlewares/Third_Party/FatFs/src/ff.o
LOAD ./Middlewares/Third_Party/FatFs/src/ff_gen_drv.o
LOAD ./Middlewares/Third_Party/FatFs/src/option/syscall.o
LOAD ./USB_DEVICE/App/usb_device.o
LOAD ./USB_DEVICE/App/usbd_desc.o
LOAD ./USB_DEVICE/App/usbd_storage_if.o
LOAD ./USB_DEVICE/Target/usbd_conf.o
START GROUP
LOAD c:/st/stm32cubeide_1.8.0/stm32cubeide/plugins/com.st.stm32cube.ide.mcu.externaltools.gnu-tools-for-stm32.9-2020-q2-update.win32_2.0.0.202105311346/tools/bin/../lib/gcc/arm-none-eabi/9.3.1/../../../../arm-none-eabi/lib/thumb/v7-m/nofp\libc_nano.a
LOAD c:/st/stm32cubeide_1.8.0/stm32cubeide/plugins/com.st.stm32cube.ide.mcu.externaltools.gnu-tools-for-stm32.9-2020-q2-update.win32_2.0.0.202105311346/tools/bin/../lib/gcc/arm-none-eabi/9.3.1/../../../../arm-none-eabi/lib/thumb/v7-m/nofp\libm.a
END GROUP
START GROUP
LOAD c:/st/stm32cubeide_1.8.0/stm32cubeide/plugins/com.st.stm32cube.ide.mcu.externaltools.gnu-tools-for-stm32.9-2020-q2-update.win32_2.0.0.202105311346/tools/bin/../lib/gcc/arm-none-eabi/9.3.1/thumb/v7-m/nofp\libgcc.a
LOAD c:/st/stm32cubeide_1.8.0/stm32cubeide/plugins/com.st.stm32cube.ide.mcu.externaltools.gnu-tools-for-stm32.9-2020-q2-update.win32_2.0.0.202105311346/tools/bin/../lib/gcc/arm-none-eabi/9.3.1/../../../../arm-none-eabi/lib/thumb/v7-m/nofp\libc_nano.a
END GROUP
START GROUP
LOAD c:/st/stm32cubeide_1.8.0/stm32cubeide/plugins/com.st.stm32cube.ide.mcu.externaltools.gnu-tools-for-stm32.9-2020-q2-update.win32_2.0.0.202105311346/tools/bin/../lib/gcc/arm-none-eabi/9.3.1/thumb/v7-m/nofp\libgcc.a
LOAD c:/st/stm32cubeide_1.8.0/stm32cubeide/plugins/com.st.stm32cube.ide.mcu.externaltools.gnu-tools-for-stm32.9-2020-q2-update.win32_2.0.0.202105311346/tools/bin/../lib/gcc/arm-none-eabi/9.3.1/../../../../arm-none-eabi/lib/thumb/v7-m/nofp\libc_nano.a
LOAD c:/st/stm32cubeide_1.8.0/stm32cubeide/plugins/com.st.stm32cube.ide.mcu.externaltools.gnu-tools-for-stm32.9-2020-q2-update.win32_2.0.0.202105311346/tools/bin/../lib/gcc/arm-none-eabi/9.3.1/../../../../arm-none-eabi/lib/thumb/v7-m/nofp\libnosys.a
END GROUP
START GROUP
LOAD c:/st/stm32cubeide_1.8.0/stm32cubeide/plugins/com.st.stm32cube.ide.mcu.externaltools.gnu-tools-for-stm32.9-2020-q2-update.win32_2.0.0.202105311346/tools/bin/../lib/gcc/arm-none-eabi/9.3.1/thumb/v7-m/nofp\libgcc.a
LOAD c:/st/stm32cubeide_1.8.0/stm32cubeide/plugins/com.st.stm32cube.ide.mcu.externaltools.gnu-tools-for-stm32.9-2020-q2-update.win32_2.0.0.202105311346/tools/bin/../lib/gcc/arm-none-eabi/9.3.1/../../../../arm-none-eabi/lib/thumb/v7-m/nofp\libc_nano.a
LOAD c:/st/stm32cubeide_1.8.0/stm32cubeide/plugins/com.st.stm32cube.ide.mcu.externaltools.gnu-tools-for-stm32.9-2020-q2-update.win32_2.0.0.202105311346/tools/bin/../lib/gcc/arm-none-eabi/9.3.1/../../../../arm-none-eabi/lib/thumb/v7-m/nofp\libnosys.a
END GROUP
LOAD c:/st/stm32cubeide_1.8.0/stm32cubeide/plugins/com.st.stm32cube.ide.mcu.externaltools.gnu-tools-for-stm32.9-2020-q2-update.win32_2.0.0.202105311346/tools/bin/../lib/gcc/arm-none-eabi/9.3.1/thumb/v7-m/nofp/crtend.o
LOAD c:/st/stm32cubeide_1.8.0/stm32cubeide/plugins/com.st.stm32cube.ide.mcu.externaltools.gnu-tools-for-stm32.9-2020-q2-update.win32_2.0.0.202105311346/tools/bin/../lib/gcc/arm-none-eabi/9.3.1/thumb/v7-m/nofp/crtn.o
                0x0000000020005000                _estack = (ORIGIN (RAM) + LENGTH (RAM))
                0x0000000000000200                _Min_Heap_Size = 0x200
                0x0000000000000400                _Min_Stack_Size = 0x400

.isr_vector     0x0000000008000000      0x10c
                0x0000000008000000                . = ALIGN (0x4)
 *(.isr_vector)
 .isr_vector    0x0000000008000000      0x10c ./Core/Startup/startup_stm32f103c8tx.o
                0x0000000008000000                g_pfnVectors
                0x000000000800010c                . = ALIGN (0x4)

.text           0x000000000800010c     0x95b0
                0x000000000800010c                . = ALIGN (0x4)
 *(.text)
 .text          0x000000000800010c       0x40 c:/st/stm32cubeide_1.8.0/stm32cubeide/plugins/com.st.stm32cube.ide.mcu.externaltools.gnu-tools-for-stm32.9-2020-q2-update.win32_2.0.0.202105311346/tools/bin/../lib/gcc/arm-none-eabi/9.3.1/thumb/v7-m/nofp/crtbegin.o
 *(.text*)
 .text.main     0x000000000800014c       0x54 ./Core/Src/main.o
                0x000000000800014c                main
 .text.SystemClock_Config
                0x00000000080001a0       0xc6 ./Core/Src/main.o
                0x00000000080001a0                SystemClock_Config
 *fill*         0x0000000008000266        0x2 
 .text.MX_ADC1_Init
                0x0000000008000268       0x7c ./Core/Src/main.o
 .text.MX_RTC_Init
                0x00000000080002e4       0x94 ./Core/Src/main.o
 .text.MX_SPI2_Init
                0x0000000008000378       0x6c ./Core/Src/main.o
 .text.MX_USART2_UART_Init
                0x00000000080003e4       0x54 ./Core/Src/main.o
 .text.MX_GPIO_Init
                0x0000000008000438       0xcc ./Core/Src/main.o
 .text.Error_Handler
                0x0000000008000504        0xa ./Core/Src/main.o
                0x0000000008000504                Error_Handler
 *fill*         0x000000000800050e        0x2 
 .text.HAL_MspInit
                0x0000000008000510       0x64 ./Core/Src/stm32f1xx_hal_msp.o
                0x0000000008000510                HAL_MspInit
 .text.HAL_ADC_MspInit
                0x0000000008000574       0x78 ./Core/Src/stm32f1xx_hal_msp.o
                0x0000000008000574                HAL_ADC_MspInit
 .text.HAL_RTC_MspInit
                0x00000000080005ec       0x48 ./Core/Src/stm32f1xx_hal_msp.o
                0x00000000080005ec                HAL_RTC_MspInit
 .text.HAL_SPI_MspInit
                0x0000000008000634       0x98 ./Core/Src/stm32f1xx_hal_msp.o
                0x0000000008000634                HAL_SPI_MspInit
 .text.HAL_UART_MspInit
                0x00000000080006cc       0x94 ./Core/Src/stm32f1xx_hal_msp.o
                0x00000000080006cc                HAL_UART_MspInit
 .text.NMI_Handler
                0x0000000008000760        0x6 ./Core/Src/stm32f1xx_it.o
                0x0000000008000760                NMI_Handler
 .text.HardFault_Handler
                0x0000000008000766        0x6 ./Core/Src/stm32f1xx_it.o
                0x0000000008000766                HardFault_Handler
 .text.MemManage_Handler
                0x000000000800076c        0x6 ./Core/Src/stm32f1xx_it.o
                0x000000000800076c                MemManage_Handler
 .text.BusFault_Handler
                0x0000000008000772        0x6 ./Core/Src/stm32f1xx_it.o
                0x0000000008000772                BusFault_Handler
 .text.UsageFault_Handler
                0x0000000008000778        0x6 ./Core/Src/stm32f1xx_it.o
                0x0000000008000778                UsageFault_Handler
 .text.SVC_Handler
                0x000000000800077e        0xc ./Core/Src/stm32f1xx_it.o
                0x000000000800077e                SVC_Handler
 .text.DebugMon_Handler
                0x000000000800078a        0xc ./Core/Src/stm32f1xx_it.o
                0x000000000800078a                DebugMon_Handler
 .text.PendSV_Handler
                0x0000000008000796        0xc ./Core/Src/stm32f1xx_it.o
                0x0000000008000796                PendSV_Handler
 .text.SysTick_Handler
                0x00000000080007a2        0xc ./Core/Src/stm32f1xx_it.o
                0x00000000080007a2                SysTick_Handler
 *fill*         0x00000000080007ae        0x2 
 .text.USB_LP_CAN1_RX0_IRQHandler
                0x00000000080007b0       0x14 ./Core/Src/stm32f1xx_it.o
                0x00000000080007b0                USB_LP_CAN1_RX0_IRQHandler
 .text.SystemInit
                0x00000000080007c4        0xc ./Core/Src/system_stm32f1xx.o
                0x00000000080007c4                SystemInit
 .text.Reset_Handler
                0x00000000080007d0       0x48 ./Core/Startup/startup_stm32f103c8tx.o
                0x00000000080007d0                Reset_Handler
 .text.Default_Handler
                0x0000000008000818        0x2 ./Core/Startup/startup_stm32f103c8tx.o
                0x0000000008000818                RTC_Alarm_IRQHandler
                0x0000000008000818                EXTI2_IRQHandler
                0x0000000008000818                TIM1_CC_IRQHandler
                0x0000000008000818                PVD_IRQHandler
                0x0000000008000818                EXTI3_IRQHandler
                0x0000000008000818                EXTI0_IRQHandler
                0x0000000008000818                I2C2_EV_IRQHandler
                0x0000000008000818                ADC1_2_IRQHandler
                0x0000000008000818                SPI1_IRQHandler
                0x0000000008000818                TAMPER_IRQHandler
                0x0000000008000818                DMA1_Channel4_IRQHandler
                0x0000000008000818                USART3_IRQHandler
                0x0000000008000818                RTC_IRQHandler
                0x0000000008000818                DMA1_Channel7_IRQHandler
                0x0000000008000818                CAN1_RX1_IRQHandler
                0x0000000008000818                TIM4_IRQHandler
                0x0000000008000818                I2C1_EV_IRQHandler
                0x0000000008000818                DMA1_Channel6_IRQHandler
                0x0000000008000818                TIM3_IRQHandler
                0x0000000008000818                RCC_IRQHandler
                0x0000000008000818                TIM1_TRG_COM_IRQHandler
                0x0000000008000818                DMA1_Channel1_IRQHandler
                0x0000000008000818                Default_Handler
                0x0000000008000818                EXTI15_10_IRQHandler
                0x0000000008000818                EXTI9_5_IRQHandler
                0x0000000008000818                SPI2_IRQHandler
                0x0000000008000818                DMA1_Channel5_IRQHandler
                0x0000000008000818                EXTI4_IRQHandler
                0x0000000008000818                USB_HP_CAN1_TX_IRQHandler
                0x0000000008000818                DMA1_Channel3_IRQHandler
                0x0000000008000818                TIM1_UP_IRQHandler
                0x0000000008000818                WWDG_IRQHandler
                0x0000000008000818                TIM2_IRQHandler
                0x0000000008000818                TIM1_BRK_IRQHandler
                0x0000000008000818                EXTI1_IRQHandler
                0x0000000008000818                USART2_IRQHandler
                0x0000000008000818                I2C2_ER_IRQHandler
                0x0000000008000818                DMA1_Channel2_IRQHandler
                0x0000000008000818                CAN1_SCE_IRQHandler
                0x0000000008000818                FLASH_IRQHandler
                0x0000000008000818                USART1_IRQHandler
                0x0000000008000818                I2C1_ER_IRQHandler
                0x0000000008000818                USBWakeUp_IRQHandler
 *fill*         0x000000000800081a        0x2 
 .text.HAL_Init
                0x000000000800081c       0x2c ./Drivers/STM32F1xx_HAL_Driver/Src/stm32f1xx_hal.o
                0x000000000800081c                HAL_Init
 .text.HAL_InitTick
                0x0000000008000848       0x60 ./Drivers/STM32F1xx_HAL_Driver/Src/stm32f1xx_hal.o
                0x0000000008000848                HAL_InitTick
 .text.HAL_IncTick
                0x00000000080008a8       0x24 ./Drivers/STM32F1xx_HAL_Driver/Src/stm32f1xx_hal.o
                0x00000000080008a8                HAL_IncTick
 .text.HAL_GetTick
                0x00000000080008cc       0x14 ./Drivers/STM32F1xx_HAL_Driver/Src/stm32f1xx_hal.o
                0x00000000080008cc                HAL_GetTick
 .text.HAL_ADC_Init
                0x00000000080008e0      0x1b0 ./Drivers/STM32F1xx_HAL_Driver/Src/stm32f1xx_hal_adc.o
                0x00000000080008e0                HAL_ADC_Init
 .text.HAL_ADC_ConfigChannel
                0x0000000008000a90      0x1f0 ./Drivers/STM32F1xx_HAL_Driver/Src/stm32f1xx_hal_adc.o
                0x0000000008000a90                HAL_ADC_ConfigChannel
 .text.ADC_ConversionStop_Disable
                0x0000000008000c80       0x82 ./Drivers/STM32F1xx_HAL_Driver/Src/stm32f1xx_hal_adc.o
                0x0000000008000c80                ADC_ConversionStop_Disable
 *fill*         0x0000000008000d02        0x2 
 .text.__NVIC_SetPriorityGrouping
                0x0000000008000d04       0x48 ./Drivers/STM32F1xx_HAL_Driver/Src/stm32f1xx_hal_cortex.o
 .text.__NVIC_GetPriorityGrouping
                0x0000000008000d4c       0x1c ./Drivers/STM32F1xx_HAL_Driver/Src/stm32f1xx_hal_cortex.o
 .text.__NVIC_EnableIRQ
                0x0000000008000d68       0x38 ./Drivers/STM32F1xx_HAL_Driver/Src/stm32f1xx_hal_cortex.o
 .text.__NVIC_SetPriority
                0x0000000008000da0       0x54 ./Drivers/STM32F1xx_HAL_Driver/Src/stm32f1xx_hal_cortex.o
 .text.NVIC_EncodePriority
                0x0000000008000df4       0x64 ./Drivers/STM32F1xx_HAL_Driver/Src/stm32f1xx_hal_cortex.o
 .text.SysTick_Config
                0x0000000008000e58       0x44 ./Drivers/STM32F1xx_HAL_Driver/Src/stm32f1xx_hal_cortex.o
 .text.HAL_NVIC_SetPriorityGrouping
                0x0000000008000e9c       0x16 ./Drivers/STM32F1xx_HAL_Driver/Src/stm32f1xx_hal_cortex.o
                0x0000000008000e9c                HAL_NVIC_SetPriorityGrouping
 .text.HAL_NVIC_SetPriority
                0x0000000008000eb2       0x38 ./Drivers/STM32F1xx_HAL_Driver/Src/stm32f1xx_hal_cortex.o
                0x0000000008000eb2                HAL_NVIC_SetPriority
 .text.HAL_NVIC_EnableIRQ
                0x0000000008000eea       0x1c ./Drivers/STM32F1xx_HAL_Driver/Src/stm32f1xx_hal_cortex.o
                0x0000000008000eea                HAL_NVIC_EnableIRQ
 .text.HAL_SYSTICK_Config
                0x0000000008000f06       0x18 ./Drivers/STM32F1xx_HAL_Driver/Src/stm32f1xx_hal_cortex.o
                0x0000000008000f06                HAL_SYSTICK_Config
 *fill*         0x0000000008000f1e        0x2 
 .text.HAL_GPIO_Init
                0x0000000008000f20      0x308 ./Drivers/STM32F1xx_HAL_Driver/Src/stm32f1xx_hal_gpio.o
                0x0000000008000f20                HAL_GPIO_Init
 .text.HAL_GPIO_ReadPin
                0x0000000008001228       0x2e ./Drivers/STM32F1xx_HAL_Driver/Src/stm32f1xx_hal_gpio.o
                0x0000000008001228                HAL_GPIO_ReadPin
 .text.HAL_GPIO_WritePin
                0x0000000008001256       0x30 ./Drivers/STM32F1xx_HAL_Driver/Src/stm32f1xx_hal_gpio.o
                0x0000000008001256                HAL_GPIO_WritePin
 .text.HAL_PCD_Init
                0x0000000008001286      0x216 ./Drivers/STM32F1xx_HAL_Driver/Src/stm32f1xx_hal_pcd.o
                0x0000000008001286                HAL_PCD_Init
 .text.HAL_PCD_Start
                0x000000000800149c       0x4c ./Drivers/STM32F1xx_HAL_Driver/Src/stm32f1xx_hal_pcd.o
                0x000000000800149c                HAL_PCD_Start
 .text.HAL_PCD_IRQHandler
                0x00000000080014e8      0x2aa ./Drivers/STM32F1xx_HAL_Driver/Src/stm32f1xx_hal_pcd.o
                0x00000000080014e8                HAL_PCD_IRQHandler
 .text.HAL_PCD_SetAddress
                0x0000000008001792       0x4a ./Drivers/STM32F1xx_HAL_Driver/Src/stm32f1xx_hal_pcd.o
                0x0000000008001792                HAL_PCD_SetAddress
 .text.HAL_PCD_EP_Open
                0x00000000080017dc       0xcc ./Drivers/STM32F1xx_HAL_Driver/Src/stm32f1xx_hal_pcd.o
                0x00000000080017dc                HAL_PCD_EP_Open
 .text.HAL_PCD_EP_Close
                0x00000000080018a8       0x90 ./Drivers/STM32F1xx_HAL_Driver/Src/stm32f1xx_hal_pcd.o
                0x00000000080018a8                HAL_PCD_EP_Close
 .text.HAL_PCD_EP_Receive
                0x0000000008001938       0x7a ./Drivers/STM32F1xx_HAL_Driver/Src/stm32f1xx_hal_pcd.o
                0x0000000008001938                HAL_PCD_EP_Receive
 .text.HAL_PCD_EP_GetRxCount
                0x00000000080019b2       0x2e ./Drivers/STM32F1xx_HAL_Driver/Src/stm32f1xx_hal_pcd.o
                0x00000000080019b2                HAL_PCD_EP_GetRxCount
 .text.HAL_PCD_EP_Transmit
                0x00000000080019e0       0x86 ./Drivers/STM32F1xx_HAL_Driver/Src/stm32f1xx_hal_pcd.o
                0x00000000080019e0                HAL_PCD_EP_Transmit
 .text.HAL_PCD_EP_SetStall
                0x0000000008001a66       0xc0 ./Drivers/STM32F1xx_HAL_Driver/Src/stm32f1xx_hal_pcd.o
                0x0000000008001a66                HAL_PCD_EP_SetStall
 .text.HAL_PCD_EP_ClrStall
                0x0000000008001b26       0xa8 ./Drivers/STM32F1xx_HAL_Driver/Src/stm32f1xx_hal_pcd.o
                0x0000000008001b26                HAL_PCD_EP_ClrStall
 .text.HAL_PCD_EP_Flush
                0x0000000008001bce       0x5a ./Drivers/STM32F1xx_HAL_Driver/Src/stm32f1xx_hal_pcd.o
                0x0000000008001bce                HAL_PCD_EP_Flush
 .text.PCD_EP_ISR_Handler
                0x0000000008001c28      0x600 ./Drivers/STM32F1xx_HAL_Driver/Src/stm32f1xx_hal_pcd.o
 .text.HAL_PCD_EP_DB_Receive
                0x0000000008002228      0x21a ./Drivers/STM32F1xx_HAL_Driver/Src/stm32f1xx_hal_pcd.o
 .text.HAL_PCD_EP_DB_Transmit
                0x0000000008002442      0x7a4 ./Drivers/STM32F1xx_HAL_Driver/Src/stm32f1xx_hal_pcd.o
 .text.HAL_PCDEx_PMAConfig
                0x0000000008002be6       0x84 ./Drivers/STM32F1xx_HAL_Driver/Src/stm32f1xx_hal_pcd_ex.o
                0x0000000008002be6                HAL_PCDEx_PMAConfig
 *fill*         0x0000000008002c6a        0x2 
 .text.HAL_PWR_EnableBkUpAccess
                0x0000000008002c6c       0x18 ./Drivers/STM32F1xx_HAL_Driver/Src/stm32f1xx_hal_pwr.o
                0x0000000008002c6c                HAL_PWR_EnableBkUpAccess
 .text.HAL_RCC_OscConfig
                0x0000000008002c84      0x500 ./Drivers/STM32F1xx_HAL_Driver/Src/stm32f1xx_hal_rcc.o
                0x0000000008002c84                HAL_RCC_OscConfig
 .text.HAL_RCC_ClockConfig
                0x0000000008003184      0x1d4 ./Drivers/STM32F1xx_HAL_Driver/Src/stm32f1xx_hal_rcc.o
                0x0000000008003184                HAL_RCC_ClockConfig
 .text.HAL_RCC_GetSysClockFreq
                0x0000000008003358       0xc0 ./Drivers/STM32F1xx_HAL_Driver/Src/stm32f1xx_hal_rcc.o
                0x0000000008003358                HAL_RCC_GetSysClockFreq
 .text.HAL_RCC_GetHCLKFreq
                0x0000000008003418       0x14 ./Drivers/STM32F1xx_HAL_Driver/Src/stm32f1xx_hal_rcc.o
                0x0000000008003418                HAL_RCC_GetHCLKFreq
 .text.HAL_RCC_GetPCLK1Freq
                0x000000000800342c       0x28 ./Drivers/STM32F1xx_HAL_Driver/Src/stm32f1xx_hal_rcc.o
                0x000000000800342c                HAL_RCC_GetPCLK1Freq
 .text.HAL_RCC_GetPCLK2Freq
                0x0000000008003454       0x28 ./Drivers/STM32F1xx_HAL_Driver/Src/stm32f1xx_hal_rcc.o
                0x0000000008003454                HAL_RCC_GetPCLK2Freq
 .text.RCC_Delay
                0x000000000800347c       0x3c ./Drivers/STM32F1xx_HAL_Driver/Src/stm32f1xx_hal_rcc.o
 .text.HAL_RCCEx_PeriphCLKConfig
                0x00000000080034b8      0x16c ./Drivers/STM32F1xx_HAL_Driver/Src/stm32f1xx_hal_rcc_ex.o
                0x00000000080034b8                HAL_RCCEx_PeriphCLKConfig
 .text.HAL_RCCEx_GetPeriphCLKFreq
                0x0000000008003624      0x188 ./Drivers/STM32F1xx_HAL_Driver/Src/stm32f1xx_hal_rcc_ex.o
                0x0000000008003624                HAL_RCCEx_GetPeriphCLKFreq
 .text.HAL_RTC_Init
                0x00000000080037ac      0x12c ./Drivers/STM32F1xx_HAL_Driver/Src/stm32f1xx_hal_rtc.o
                0x00000000080037ac                HAL_RTC_Init
 .text.HAL_RTC_SetTime
                0x00000000080038d8      0x12e ./Drivers/STM32F1xx_HAL_Driver/Src/stm32f1xx_hal_rtc.o
                0x00000000080038d8                HAL_RTC_SetTime
 *fill*         0x0000000008003a06        0x2 
 .text.HAL_RTC_SetDate
                0x0000000008003a08      0x16c ./Drivers/STM32F1xx_HAL_Driver/Src/stm32f1xx_hal_rtc.o
                0x0000000008003a08                HAL_RTC_SetDate
 .text.HAL_RTC_WaitForSynchro
                0x0000000008003b74       0x5a ./Drivers/STM32F1xx_HAL_Driver/Src/stm32f1xx_hal_rtc.o
                0x0000000008003b74                HAL_RTC_WaitForSynchro
 .text.RTC_ReadTimeCounter
                0x0000000008003bce       0x60 ./Drivers/STM32F1xx_HAL_Driver/Src/stm32f1xx_hal_rtc.o
 .text.RTC_WriteTimeCounter
                0x0000000008003c2e       0x4e ./Drivers/STM32F1xx_HAL_Driver/Src/stm32f1xx_hal_rtc.o
 .text.RTC_ReadAlarmCounter
                0x0000000008003c7c       0x32 ./Drivers/STM32F1xx_HAL_Driver/Src/stm32f1xx_hal_rtc.o
 .text.RTC_WriteAlarmCounter
                0x0000000008003cae       0x4e ./Drivers/STM32F1xx_HAL_Driver/Src/stm32f1xx_hal_rtc.o
 .text.RTC_EnterInitMode
                0x0000000008003cfc       0x50 ./Drivers/STM32F1xx_HAL_Driver/Src/stm32f1xx_hal_rtc.o
 .text.RTC_ExitInitMode
                0x0000000008003d4c       0x50 ./Drivers/STM32F1xx_HAL_Driver/Src/stm32f1xx_hal_rtc.o
 .text.RTC_Bcd2ToByte
                0x0000000008003d9c       0x3a ./Drivers/STM32F1xx_HAL_Driver/Src/stm32f1xx_hal_rtc.o
 *fill*         0x0000000008003dd6        0x2 
 .text.RTC_WeekDayNum
                0x0000000008003dd8       0xf0 ./Drivers/STM32F1xx_HAL_Driver/Src/stm32f1xx_hal_rtc.o
 .text.HAL_SPI_Init
                0x0000000008003ec8      0x108 ./Drivers/STM32F1xx_HAL_Driver/Src/stm32f1xx_hal_spi.o
                0x0000000008003ec8                HAL_SPI_Init
 .text.HAL_UART_Init
                0x0000000008003fd0       0x9a ./Drivers/STM32F1xx_HAL_Driver/Src/stm32f1xx_hal_uart.o
                0x0000000008003fd0                HAL_UART_Init
 *fill*         0x000000000800406a        0x2 
 .text.UART_SetConfig
                0x000000000800406c      0x11c ./Drivers/STM32F1xx_HAL_Driver/Src/stm32f1xx_hal_uart.o
 .text.USB_CoreInit
                0x0000000008004188       0x20 ./Drivers/STM32F1xx_HAL_Driver/Src/stm32f1xx_ll_usb.o
                0x0000000008004188                USB_CoreInit
 .text.USB_EnableGlobalInt
                0x00000000080041a8       0x2c ./Drivers/STM32F1xx_HAL_Driver/Src/stm32f1xx_ll_usb.o
                0x00000000080041a8                USB_EnableGlobalInt
 .text.USB_DisableGlobalInt
                0x00000000080041d4       0x34 ./Drivers/STM32F1xx_HAL_Driver/Src/stm32f1xx_ll_usb.o
                0x00000000080041d4                USB_DisableGlobalInt
 .text.USB_SetCurrentMode
                0x0000000008004208       0x18 ./Drivers/STM32F1xx_HAL_Driver/Src/stm32f1xx_ll_usb.o
                0x0000000008004208                USB_SetCurrentMode
 .text.USB_DevInit
                0x0000000008004220       0x40 ./Drivers/STM32F1xx_HAL_Driver/Src/stm32f1xx_ll_usb.o
                0x0000000008004220                USB_DevInit
 .text.USB_FlushTxFifo
                0x0000000008004260       0x16 ./Drivers/STM32F1xx_HAL_Driver/Src/stm32f1xx_ll_usb.o
                0x0000000008004260                USB_FlushTxFifo
 .text.USB_FlushRxFifo
                0x0000000008004276       0x14 ./Drivers/STM32F1xx_HAL_Driver/Src/stm32f1xx_ll_usb.o
                0x0000000008004276                USB_FlushRxFifo
 *fill*         0x000000000800428a        0x2 
 .text.USB_ActivateEndpoint
                0x000000000800428c      0x6d4 ./Drivers/STM32F1xx_HAL_Driver/Src/stm32f1xx_ll_usb.o
                0x000000000800428c                USB_ActivateEndpoint
 .text.USB_DeactivateEndpoint
                0x0000000008004960      0x3d8 ./Drivers/STM32F1xx_HAL_Driver/Src/stm32f1xx_ll_usb.o
                0x0000000008004960                USB_DeactivateEndpoint
 .text.USB_EPStartXfer
                0x0000000008004d38     0x15ee ./Drivers/STM32F1xx_HAL_Driver/Src/stm32f1xx_ll_usb.o
                0x0000000008004d38                USB_EPStartXfer
 .text.USB_EPSetStall
                0x0000000008006326       0xa0 ./Drivers/STM32F1xx_HAL_Driver/Src/stm32f1xx_ll_usb.o
                0x0000000008006326                USB_EPSetStall
 .text.USB_EPClearStall
                0x00000000080063c6      0x15a ./Drivers/STM32F1xx_HAL_Driver/Src/stm32f1xx_ll_usb.o
                0x00000000080063c6                USB_EPClearStall
 .text.USB_SetDevAddress
                0x0000000008006520       0x26 ./Drivers/STM32F1xx_HAL_Driver/Src/stm32f1xx_ll_usb.o
                0x0000000008006520                USB_SetDevAddress
 .text.USB_DevConnect
                0x0000000008006546       0x14 ./Drivers/STM32F1xx_HAL_Driver/Src/stm32f1xx_ll_usb.o
                0x0000000008006546                USB_DevConnect
 .text.USB_DevDisconnect
                0x000000000800655a       0x14 ./Drivers/STM32F1xx_HAL_Driver/Src/stm32f1xx_ll_usb.o
                0x000000000800655a                USB_DevDisconnect
 .text.USB_ReadInterrupts
                0x000000000800656e       0x1e ./Drivers/STM32F1xx_HAL_Driver/Src/stm32f1xx_ll_usb.o
                0x000000000800656e                USB_ReadInterrupts
 .text.USB_EP0_OutStart
                0x000000000800658c       0x16 ./Drivers/STM32F1xx_HAL_Driver/Src/stm32f1xx_ll_usb.o
                0x000000000800658c                USB_EP0_OutStart
 .text.USB_WritePMA
                0x00000000080065a2       0x8a ./Drivers/STM32F1xx_HAL_Driver/Src/stm32f1xx_ll_usb.o
                0x00000000080065a2                USB_WritePMA
 .text.USB_ReadPMA
                0x000000000800662c       0x9e ./Drivers/STM32F1xx_HAL_Driver/Src/stm32f1xx_ll_usb.o
                0x000000000800662c                USB_ReadPMA
 *fill*         0x00000000080066ca        0x2 
 .text.MX_FATFS_Init
                0x00000000080066cc       0x24 ./FATFS/App/fatfs.o
                0x00000000080066cc                MX_FATFS_Init
 .text.USER_initialize
                0x00000000080066f0       0x24 ./FATFS/Target/user_diskio.o
                0x00000000080066f0                USER_initialize
 .text.USER_status
                0x0000000008006714       0x24 ./FATFS/Target/user_diskio.o
                0x0000000008006714                USER_status
 .text.USER_read
                0x0000000008006738       0x1c ./FATFS/Target/user_diskio.o
                0x0000000008006738                USER_read
 .text.USER_write
                0x0000000008006754       0x1c ./FATFS/Target/user_diskio.o
                0x0000000008006754                USER_write
 .text.USER_ioctl
                0x0000000008006770       0x20 ./FATFS/Target/user_diskio.o
                0x0000000008006770                USER_ioctl
 .text.USBD_MSC_Init
                0x0000000008006790       0x94 ./Middlewares/ST/STM32_USB_Device_Library/Class/MSC/Src/usbd_msc.o
                0x0000000008006790                USBD_MSC_Init
 .text.USBD_MSC_DeInit
                0x0000000008006824       0x58 ./Middlewares/ST/STM32_USB_Device_Library/Class/MSC/Src/usbd_msc.o
                0x0000000008006824                USBD_MSC_DeInit
 .text.USBD_MSC_Setup
                0x000000000800687c      0x26c ./Middlewares/ST/STM32_USB_Device_Library/Class/MSC/Src/usbd_msc.o
                0x000000000800687c                USBD_MSC_Setup
 .text.USBD_MSC_DataIn
                0x0000000008006ae8       0x20 ./Middlewares/ST/STM32_USB_Device_Library/Class/MSC/Src/usbd_msc.o
                0x0000000008006ae8                USBD_MSC_DataIn
 .text.USBD_MSC_DataOut
                0x0000000008006b08       0x20 ./Middlewares/ST/STM32_USB_Device_Library/Class/MSC/Src/usbd_msc.o
                0x0000000008006b08                USBD_MSC_DataOut
 .text.USBD_MSC_GetHSCfgDesc
                0x0000000008006b28       0x20 ./Middlewares/ST/STM32_USB_Device_Library/Class/MSC/Src/usbd_msc.o
                0x0000000008006b28                USBD_MSC_GetHSCfgDesc
 .text.USBD_MSC_GetFSCfgDesc
                0x0000000008006b48       0x20 ./Middlewares/ST/STM32_USB_Device_Library/Class/MSC/Src/usbd_msc.o
                0x0000000008006b48                USBD_MSC_GetFSCfgDesc
 .text.USBD_MSC_GetOtherSpeedCfgDesc
                0x0000000008006b68       0x20 ./Middlewares/ST/STM32_USB_Device_Library/Class/MSC/Src/usbd_msc.o
                0x0000000008006b68                USBD_MSC_GetOtherSpeedCfgDesc
 .text.USBD_MSC_GetDeviceQualifierDescriptor
                0x0000000008006b88       0x20 ./Middlewares/ST/STM32_USB_Device_Library/Class/MSC/Src/usbd_msc.o
                0x0000000008006b88                USBD_MSC_GetDeviceQualifierDescriptor
 .text.USBD_MSC_RegisterStorage
                0x0000000008006ba8       0x24 ./Middlewares/ST/STM32_USB_Device_Library/Class/MSC/Src/usbd_msc.o
                0x0000000008006ba8                USBD_MSC_RegisterStorage
 .text.MSC_BOT_Init
                0x0000000008006bcc       0x60 ./Middlewares/ST/STM32_USB_Device_Library/Class/MSC/Src/usbd_msc_bot.o
                0x0000000008006bcc                MSC_BOT_Init
 .text.MSC_BOT_Reset
                0x0000000008006c2c       0x34 ./Middlewares/ST/STM32_USB_Device_Library/Class/MSC/Src/usbd_msc_bot.o
                0x0000000008006c2c                MSC_BOT_Reset
 .text.MSC_BOT_DeInit
                0x0000000008006c60       0x20 ./Middlewares/ST/STM32_USB_Device_Library/Class/MSC/Src/usbd_msc_bot.o
                0x0000000008006c60                MSC_BOT_DeInit
 .text.MSC_BOT_DataIn
                0x0000000008006c80       0x64 ./Middlewares/ST/STM32_USB_Device_Library/Class/MSC/Src/usbd_msc_bot.o
                0x0000000008006c80                MSC_BOT_DataIn
 .text.MSC_BOT_DataOut
                0x0000000008006ce4       0x56 ./Middlewares/ST/STM32_USB_Device_Library/Class/MSC/Src/usbd_msc_bot.o
                0x0000000008006ce4                MSC_BOT_DataOut
 *fill*         0x0000000008006d3a        0x2 
 .text.MSC_BOT_CBW_Decode
                0x0000000008006d3c      0x10c ./Middlewares/ST/STM32_USB_Device_Library/Class/MSC/Src/usbd_msc_bot.o
 .text.MSC_BOT_SendData
                0x0000000008006e48       0x62 ./Middlewares/ST/STM32_USB_Device_Library/Class/MSC/Src/usbd_msc_bot.o
 *fill*         0x0000000008006eaa        0x2 
 .text.MSC_BOT_SendCSW
                0x0000000008006eac       0x58 ./Middlewares/ST/STM32_USB_Device_Library/Class/MSC/Src/usbd_msc_bot.o
                0x0000000008006eac                MSC_BOT_SendCSW
 .text.MSC_BOT_Abort
                0x0000000008006f04       0x5c ./Middlewares/ST/STM32_USB_Device_Library/Class/MSC/Src/usbd_msc_bot.o
 .text.MSC_BOT_CplClrFeature
                0x0000000008006f60       0x4e ./Middlewares/ST/STM32_USB_Device_Library/Class/MSC/Src/usbd_msc_bot.o
                0x0000000008006f60                MSC_BOT_CplClrFeature
 *fill*         0x0000000008006fae        0x2 
 .text.SCSI_ProcessCmd
                0x0000000008006fb0      0x250 ./Middlewares/ST/STM32_USB_Device_Library/Class/MSC/Src/usbd_msc_scsi.o
                0x0000000008006fb0                SCSI_ProcessCmd
 .text.SCSI_TestUnitReady
                0x0000000008007200       0x72 ./Middlewares/ST/STM32_USB_Device_Library/Class/MSC/Src/usbd_msc_scsi.o
 *fill*         0x0000000008007272        0x2 
 .text.SCSI_Inquiry
                0x0000000008007274       0xbc ./Middlewares/ST/STM32_USB_Device_Library/Class/MSC/Src/usbd_msc_scsi.o
 .text.SCSI_ReadCapacity10
                0x0000000008007330       0xce ./Middlewares/ST/STM32_USB_Device_Library/Class/MSC/Src/usbd_msc_scsi.o
 .text.SCSI_ReadFormatCapacity
                0x00000000080073fe       0xc8 ./Middlewares/ST/STM32_USB_Device_Library/Class/MSC/Src/usbd_msc_scsi.o
 *fill*         0x00000000080074c6        0x2 
 .text.SCSI_ModeSense6
                0x00000000080074c8       0x50 ./Middlewares/ST/STM32_USB_Device_Library/Class/MSC/Src/usbd_msc_scsi.o
 .text.SCSI_ModeSense10
                0x0000000008007518       0x50 ./Middlewares/ST/STM32_USB_Device_Library/Class/MSC/Src/usbd_msc_scsi.o
 .text.SCSI_RequestSense
                0x0000000008007568       0xd4 ./Middlewares/ST/STM32_USB_Device_Library/Class/MSC/Src/usbd_msc_scsi.o
 .text.SCSI_SenseCode
                0x000000000800763c       0x72 ./Middlewares/ST/STM32_USB_Device_Library/Class/MSC/Src/usbd_msc_scsi.o
                0x000000000800763c                SCSI_SenseCode
 .text.SCSI_StartStopUnit
                0x00000000080076ae       0x28 ./Middlewares/ST/STM32_USB_Device_Library/Class/MSC/Src/usbd_msc_scsi.o
 .text.SCSI_Read10
                0x00000000080076d6      0x118 ./Middlewares/ST/STM32_USB_Device_Library/Class/MSC/Src/usbd_msc_scsi.o
 .text.SCSI_Write10
                0x00000000080077ee      0x160 ./Middlewares/ST/STM32_USB_Device_Library/Class/MSC/Src/usbd_msc_scsi.o
 .text.SCSI_Verify10
                0x000000000800794e       0x66 ./Middlewares/ST/STM32_USB_Device_Library/Class/MSC/Src/usbd_msc_scsi.o
 .text.SCSI_CheckAddressRange
                0x00000000080079b4       0x44 ./Middlewares/ST/STM32_USB_Device_Library/Class/MSC/Src/usbd_msc_scsi.o
 .text.SCSI_ProcessRead
                0x00000000080079f8       0xe8 ./Middlewares/ST/STM32_USB_Device_Library/Class/MSC/Src/usbd_msc_scsi.o
 .text.SCSI_ProcessWrite
                0x0000000008007ae0      0x108 ./Middlewares/ST/STM32_USB_Device_Library/Class/MSC/Src/usbd_msc_scsi.o
 .text.USBD_Init
                0x0000000008007be8       0x56 ./Middlewares/ST/STM32_USB_Device_Library/Core/Src/usbd_core.o
                0x0000000008007be8                USBD_Init
 .text.USBD_RegisterClass
                0x0000000008007c3e       0x32 ./Middlewares/ST/STM32_USB_Device_Library/Core/Src/usbd_core.o
                0x0000000008007c3e                USBD_RegisterClass
 .text.USBD_Start
                0x0000000008007c70       0x18 ./Middlewares/ST/STM32_USB_Device_Library/Core/Src/usbd_core.o
                0x0000000008007c70                USBD_Start
 .text.USBD_RunTestMode
                0x0000000008007c88       0x14 ./Middlewares/ST/STM32_USB_Device_Library/Core/Src/usbd_core.o
                0x0000000008007c88                USBD_RunTestMode
 .text.USBD_SetClassConfig
                0x0000000008007c9c       0x3e ./Middlewares/ST/STM32_USB_Device_Library/Core/Src/usbd_core.o
                0x0000000008007c9c                USBD_SetClassConfig
 .text.USBD_ClrClassConfig
                0x0000000008007cda       0x26 ./Middlewares/ST/STM32_USB_Device_Library/Core/Src/usbd_core.o
                0x0000000008007cda                USBD_ClrClassConfig
 .text.USBD_LL_SetupStage
                0x0000000008007d00       0x9a ./Middlewares/ST/STM32_USB_Device_Library/Core/Src/usbd_core.o
                0x0000000008007d00                USBD_LL_SetupStage
 .text.USBD_LL_DataOutStage
                0x0000000008007d9a       0xe2 ./Middlewares/ST/STM32_USB_Device_Library/Core/Src/usbd_core.o
                0x0000000008007d9a                USBD_LL_DataOutStage
 .text.USBD_LL_DataInStage
                0x0000000008007e7c      0x14a ./Middlewares/ST/STM32_USB_Device_Library/Core/Src/usbd_core.o
                0x0000000008007e7c                USBD_LL_DataInStage
 .text.USBD_LL_Reset
                0x0000000008007fc6       0x82 ./Middlewares/ST/STM32_USB_Device_Library/Core/Src/usbd_core.o
                0x0000000008007fc6                USBD_LL_Reset
 .text.USBD_LL_SetSpeed
                0x0000000008008048       0x1e ./Middlewares/ST/STM32_USB_Device_Library/Core/Src/usbd_core.o
                0x0000000008008048                USBD_LL_SetSpeed
 .text.USBD_LL_Suspend
                0x0000000008008066       0x28 ./Middlewares/ST/STM32_USB_Device_Library/Core/Src/usbd_core.o
                0x0000000008008066                USBD_LL_Suspend
 .text.USBD_LL_Resume
                0x000000000800808e       0x2a ./Middlewares/ST/STM32_USB_Device_Library/Core/Src/usbd_core.o
                0x000000000800808e                USBD_LL_Resume
 .text.USBD_LL_SOF
                0x00000000080080b8       0x34 ./Middlewares/ST/STM32_USB_Device_Library/Core/Src/usbd_core.o
                0x00000000080080b8                USBD_LL_SOF
 .text.USBD_StdDevReq
                0x00000000080080ec       0xd4 ./Middlewares/ST/STM32_USB_Device_Library/Core/Src/usbd_ctlreq.o
                0x00000000080080ec                USBD_StdDevReq
 .text.USBD_StdItfReq
                0x00000000080081c0       0x90 ./Middlewares/ST/STM32_USB_Device_Library/Core/Src/usbd_ctlreq.o
                0x00000000080081c0                USBD_StdItfReq
 .text.USBD_StdEPReq
                0x0000000008008250      0x2c6 ./Middlewares/ST/STM32_USB_Device_Library/Core/Src/usbd_ctlreq.o
                0x0000000008008250                USBD_StdEPReq
 *fill*         0x0000000008008516        0x2 
 .text.USBD_GetDescriptor
                0x0000000008008518      0x2d0 ./Middlewares/ST/STM32_USB_Device_Library/Core/Src/usbd_ctlreq.o
 .text.USBD_SetAddress
                0x00000000080087e8       0x86 ./Middlewares/ST/STM32_USB_Device_Library/Core/Src/usbd_ctlreq.o
 *fill*         0x000000000800886e        0x2 
 .text.USBD_SetConfig
                0x0000000008008870      0x11c ./Middlewares/ST/STM32_USB_Device_Library/Core/Src/usbd_ctlreq.o
 .text.USBD_GetConfig
                0x000000000800898c       0x6a ./Middlewares/ST/STM32_USB_Device_Library/Core/Src/usbd_ctlreq.o
 .text.USBD_GetStatus
                0x00000000080089f6       0x66 ./Middlewares/ST/STM32_USB_Device_Library/Core/Src/usbd_ctlreq.o
 .text.USBD_SetFeature
                0x0000000008008a5c       0x28 ./Middlewares/ST/STM32_USB_Device_Library/Core/Src/usbd_ctlreq.o
 .text.USBD_ClrFeature
                0x0000000008008a84       0x42 ./Middlewares/ST/STM32_USB_Device_Library/Core/Src/usbd_ctlreq.o
 .text.USBD_ParseSetupRequest
                0x0000000008008ac6       0x78 ./Middlewares/ST/STM32_USB_Device_Library/Core/Src/usbd_ctlreq.o
                0x0000000008008ac6                USBD_ParseSetupRequest
 .text.USBD_CtlError
                0x0000000008008b3e       0x22 ./Middlewares/ST/STM32_USB_Device_Library/Core/Src/usbd_ctlreq.o
                0x0000000008008b3e                USBD_CtlError
 .text.USBD_GetString
                0x0000000008008b60       0x84 ./Middlewares/ST/STM32_USB_Device_Library/Core/Src/usbd_ctlreq.o
                0x0000000008008b60                USBD_GetString
 .text.USBD_GetLen
                0x0000000008008be4       0x2e ./Middlewares/ST/STM32_USB_Device_Library/Core/Src/usbd_ctlreq.o
 .text.USBD_CtlSendData
                0x0000000008008c12       0x38 ./Middlewares/ST/STM32_USB_Device_Library/Core/Src/usbd_ioreq.o
                0x0000000008008c12                USBD_CtlSendData
 .text.USBD_CtlContinueSendData
                0x0000000008008c4a       0x24 ./Middlewares/ST/STM32_USB_Device_Library/Core/Src/usbd_ioreq.o
                0x0000000008008c4a                USBD_CtlContinueSendData
 .text.USBD_CtlContinueRx
                0x0000000008008c6e       0x24 ./Middlewares/ST/STM32_USB_Device_Library/Core/Src/usbd_ioreq.o
                0x0000000008008c6e                USBD_CtlContinueRx
 .text.USBD_CtlSendStatus
                0x0000000008008c92       0x26 ./Middlewares/ST/STM32_USB_Device_Library/Core/Src/usbd_ioreq.o
                0x0000000008008c92                USBD_CtlSendStatus
 .text.USBD_CtlReceiveStatus
                0x0000000008008cb8       0x26 ./Middlewares/ST/STM32_USB_Device_Library/Core/Src/usbd_ioreq.o
                0x0000000008008cb8                USBD_CtlReceiveStatus
 *fill*         0x0000000008008cde        0x2 
 .text.FATFS_LinkDriverEx
                0x0000000008008ce0       0x94 ./Middlewares/Third_Party/FatFs/src/ff_gen_drv.o
                0x0000000008008ce0                FATFS_LinkDriverEx
 .text.FATFS_LinkDriver
                0x0000000008008d74       0x1e ./Middlewares/Third_Party/FatFs/src/ff_gen_drv.o
                0x0000000008008d74                FATFS_LinkDriver
 *fill*         0x0000000008008d92        0x2 
 .text.MX_USB_DEVICE_Init
                0x0000000008008d94       0x60 ./USB_DEVICE/App/usb_device.o
                0x0000000008008d94                MX_USB_DEVICE_Init
 .text.USBD_FS_DeviceDescriptor
                0x0000000008008df4       0x24 ./USB_DEVICE/App/usbd_desc.o
                0x0000000008008df4                USBD_FS_DeviceDescriptor
 .text.USBD_FS_LangIDStrDescriptor
                0x0000000008008e18       0x24 ./USB_DEVICE/App/usbd_desc.o
                0x0000000008008e18                USBD_FS_LangIDStrDescriptor
 .text.USBD_FS_ProductStrDescriptor
                0x0000000008008e3c       0x3c ./USB_DEVICE/App/usbd_desc.o
                0x0000000008008e3c                USBD_FS_ProductStrDescriptor
 .text.USBD_FS_ManufacturerStrDescriptor
                0x0000000008008e78       0x28 ./USB_DEVICE/App/usbd_desc.o
                0x0000000008008e78                USBD_FS_ManufacturerStrDescriptor
 .text.USBD_FS_SerialStrDescriptor
                0x0000000008008ea0       0x24 ./USB_DEVICE/App/usbd_desc.o
                0x0000000008008ea0                USBD_FS_SerialStrDescriptor
 .text.USBD_FS_ConfigStrDescriptor
                0x0000000008008ec4       0x3c ./USB_DEVICE/App/usbd_desc.o
                0x0000000008008ec4                USBD_FS_ConfigStrDescriptor
 .text.USBD_FS_InterfaceStrDescriptor
                0x0000000008008f00       0x3c ./USB_DEVICE/App/usbd_desc.o
                0x0000000008008f00                USBD_FS_InterfaceStrDescriptor
 .text.Get_SerialNum
                0x0000000008008f3c       0x58 ./USB_DEVICE/App/usbd_desc.o
 .text.IntToUnicode
                0x0000000008008f94       0x7c ./USB_DEVICE/App/usbd_desc.o
 .text.STORAGE_Init_FS
                0x0000000008009010       0x16 ./USB_DEVICE/App/usbd_storage_if.o
 .text.STORAGE_GetCapacity_FS
                0x0000000008009026       0x2a ./USB_DEVICE/App/usbd_storage_if.o
 .text.STORAGE_IsReady_FS
                0x0000000008009050       0x16 ./USB_DEVICE/App/usbd_storage_if.o
 .text.STORAGE_IsWriteProtected_FS
                0x0000000008009066       0x16 ./USB_DEVICE/App/usbd_storage_if.o
 .text.STORAGE_Read_FS
                0x000000000800907c       0x20 ./USB_DEVICE/App/usbd_storage_if.o
 .text.STORAGE_Write_FS
                0x000000000800909c       0x20 ./USB_DEVICE/App/usbd_storage_if.o
 .text.STORAGE_GetMaxLun_FS
                0x00000000080090bc        0xe ./USB_DEVICE/App/usbd_storage_if.o
 *fill*         0x00000000080090ca        0x2 
 .text.HAL_PCD_MspInit
                0x00000000080090cc       0x4c ./USB_DEVICE/Target/usbd_conf.o
                0x00000000080090cc                HAL_PCD_MspInit
 .text.HAL_PCD_SetupStageCallback
                0x0000000008009118       0x24 ./USB_DEVICE/Target/usbd_conf.o
                0x0000000008009118                HAL_PCD_SetupStageCallback
 .text.HAL_PCD_DataOutStageCallback
                0x000000000800913c       0x36 ./USB_DEVICE/Target/usbd_conf.o
                0x000000000800913c                HAL_PCD_DataOutStageCallback
 .text.HAL_PCD_DataInStageCallback
                0x0000000008009172       0x34 ./USB_DEVICE/Target/usbd_conf.o
                0x0000000008009172                HAL_PCD_DataInStageCallback
 .text.HAL_PCD_SOFCallback
                0x00000000080091a6       0x1c ./USB_DEVICE/Target/usbd_conf.o
                0x00000000080091a6                HAL_PCD_SOFCallback
 .text.HAL_PCD_ResetCallback
                0x00000000080091c2       0x3c ./USB_DEVICE/Target/usbd_conf.o
                0x00000000080091c2                HAL_PCD_ResetCallback
 *fill*         0x00000000080091fe        0x2 
 .text.HAL_PCD_SuspendCallback
                0x0000000008009200       0x34 ./USB_DEVICE/Target/usbd_conf.o
                0x0000000008009200                HAL_PCD_SuspendCallback
 .text.HAL_PCD_ResumeCallback
                0x0000000008009234       0x1c ./USB_DEVICE/Target/usbd_conf.o
                0x0000000008009234                HAL_PCD_ResumeCallback
 .text.USBD_LL_Init
                0x0000000008009250       0xa0 ./USB_DEVICE/Target/usbd_conf.o
                0x0000000008009250                USBD_LL_Init
 .text.USBD_LL_Start
                0x00000000080092f0       0x36 ./USB_DEVICE/Target/usbd_conf.o
                0x00000000080092f0                USBD_LL_Start
 .text.USBD_LL_OpenEP
                0x0000000008009326       0x4c ./USB_DEVICE/Target/usbd_conf.o
                0x0000000008009326                USBD_LL_OpenEP
 .text.USBD_LL_CloseEP
                0x0000000008009372       0x3e ./USB_DEVICE/Target/usbd_conf.o
                0x0000000008009372                USBD_LL_CloseEP
 .text.USBD_LL_FlushEP
                0x00000000080093b0       0x3e ./USB_DEVICE/Target/usbd_conf.o
                0x00000000080093b0                USBD_LL_FlushEP
 .text.USBD_LL_StallEP
                0x00000000080093ee       0x3e ./USB_DEVICE/Target/usbd_conf.o
                0x00000000080093ee                USBD_LL_StallEP
 .text.USBD_LL_ClearStallEP
                0x000000000800942c       0x3e ./USB_DEVICE/Target/usbd_conf.o
                0x000000000800942c                USBD_LL_ClearStallEP
 .text.USBD_LL_IsStallEP
                0x000000000800946a       0x58 ./USB_DEVICE/Target/usbd_conf.o
                0x000000000800946a                USBD_LL_IsStallEP
 .text.USBD_LL_SetUSBAddress
                0x00000000080094c2       0x3e ./USB_DEVICE/Target/usbd_conf.o
                0x00000000080094c2                USBD_LL_SetUSBAddress
 .text.USBD_LL_Transmit
                0x0000000008009500       0x46 ./USB_DEVICE/Target/usbd_conf.o
                0x0000000008009500                USBD_LL_Transmit
 .text.USBD_LL_PrepareReceive
                0x0000000008009546       0x46 ./USB_DEVICE/Target/usbd_conf.o
                0x0000000008009546                USBD_LL_PrepareReceive
 .text.USBD_LL_GetRxDataSize
                0x000000000800958c       0x26 ./USB_DEVICE/Target/usbd_conf.o
                0x000000000800958c                USBD_LL_GetRxDataSize
 *fill*         0x00000000080095b2        0x2 
 .text.USBD_static_malloc
                0x00000000080095b4       0x18 ./USB_DEVICE/Target/usbd_conf.o
                0x00000000080095b4                USBD_static_malloc
 .text.USBD_static_free
                0x00000000080095cc       0x12 ./USB_DEVICE/Target/usbd_conf.o
                0x00000000080095cc                USBD_static_free
 .text.HAL_PCDEx_SetConnectionState
                0x00000000080095de       0x16 ./USB_DEVICE/Target/usbd_conf.o
                0x00000000080095de                HAL_PCDEx_SetConnectionState
 .text.USBD_Get_USB_Status
                0x00000000080095f4       0x58 ./USB_DEVICE/Target/usbd_conf.o
 .text.__libc_init_array
                0x000000000800964c       0x48 c:/st/stm32cubeide_1.8.0/stm32cubeide/plugins/com.st.stm32cube.ide.mcu.externaltools.gnu-tools-for-stm32.9-2020-q2-update.win32_2.0.0.202105311346/tools/bin/../lib/gcc/arm-none-eabi/9.3.1/../../../../arm-none-eabi/lib/thumb/v7-m/nofp\libc_nano.a(lib_a-init.o)
                0x000000000800964c                __libc_init_array
 .text.memset   0x0000000008009694       0x10 c:/st/stm32cubeide_1.8.0/stm32cubeide/plugins/com.st.stm32cube.ide.mcu.externaltools.gnu-tools-for-stm32.9-2020-q2-update.win32_2.0.0.202105311346/tools/bin/../lib/gcc/arm-none-eabi/9.3.1/../../../../arm-none-eabi/lib/thumb/v7-m/nofp\libc_nano.a(lib_a-memset.o)
                0x0000000008009694                memset
 *(.glue_7)
 .glue_7        0x00000000080096a4        0x0 linker stubs
 *(.glue_7t)
 .glue_7t       0x00000000080096a4        0x0 linker stubs
 *(.eh_frame)
 .eh_frame      0x00000000080096a4        0x0 c:/st/stm32cubeide_1.8.0/stm32cubeide/plugins/com.st.stm32cube.ide.mcu.externaltools.gnu-tools-for-stm32.9-2020-q2-update.win32_2.0.0.202105311346/tools/bin/../lib/gcc/arm-none-eabi/9.3.1/thumb/v7-m/nofp/crtbegin.o
 *(.init)
 .init          0x00000000080096a4        0x4 c:/st/stm32cubeide_1.8.0/stm32cubeide/plugins/com.st.stm32cube.ide.mcu.externaltools.gnu-tools-for-stm32.9-2020-q2-update.win32_2.0.0.202105311346/tools/bin/../lib/gcc/arm-none-eabi/9.3.1/thumb/v7-m/nofp/crti.o
                0x00000000080096a4                _init
 .init          0x00000000080096a8        0x8 c:/st/stm32cubeide_1.8.0/stm32cubeide/plugins/com.st.stm32cube.ide.mcu.externaltools.gnu-tools-for-stm32.9-2020-q2-update.win32_2.0.0.202105311346/tools/bin/../lib/gcc/arm-none-eabi/9.3.1/thumb/v7-m/nofp/crtn.o
 *(.fini)
 .fini          0x00000000080096b0        0x4 c:/st/stm32cubeide_1.8.0/stm32cubeide/plugins/com.st.stm32cube.ide.mcu.externaltools.gnu-tools-for-stm32.9-2020-q2-update.win32_2.0.0.202105311346/tools/bin/../lib/gcc/arm-none-eabi/9.3.1/thumb/v7-m/nofp/crti.o
                0x00000000080096b0                _fini
 .fini          0x00000000080096b4        0x8 c:/st/stm32cubeide_1.8.0/stm32cubeide/plugins/com.st.stm32cube.ide.mcu.externaltools.gnu-tools-for-stm32.9-2020-q2-update.win32_2.0.0.202105311346/tools/bin/../lib/gcc/arm-none-eabi/9.3.1/thumb/v7-m/nofp/crtn.o
                0x00000000080096bc                . = ALIGN (0x4)
                0x00000000080096bc                _etext = .

.vfp11_veneer   0x00000000080096bc        0x0
 .vfp11_veneer  0x00000000080096bc        0x0 linker stubs

.v4_bx          0x00000000080096bc        0x0
 .v4_bx         0x00000000080096bc        0x0 linker stubs

.iplt           0x00000000080096bc        0x0
 .iplt          0x00000000080096bc        0x0 c:/st/stm32cubeide_1.8.0/stm32cubeide/plugins/com.st.stm32cube.ide.mcu.externaltools.gnu-tools-for-stm32.9-2020-q2-update.win32_2.0.0.202105311346/tools/bin/../lib/gcc/arm-none-eabi/9.3.1/thumb/v7-m/nofp/crtbegin.o

.rodata         0x00000000080096bc       0xb8
                0x00000000080096bc                . = ALIGN (0x4)
 *(.rodata)
 .rodata        0x00000000080096bc       0x10 ./Drivers/STM32F1xx_HAL_Driver/Src/stm32f1xx_hal_rcc.o
 .rodata        0x00000000080096cc       0x10 ./Drivers/STM32F1xx_HAL_Driver/Src/stm32f1xx_hal_rcc_ex.o
 .rodata        0x00000000080096dc       0x42 ./USB_DEVICE/App/usbd_desc.o
 *(.rodata*)
 *fill*         0x000000000800971e        0x2 
 .rodata.AHBPrescTable
                0x0000000008009720       0x10 ./Core/Src/system_stm32f1xx.o
                0x0000000008009720                AHBPrescTable
 .rodata.APBPrescTable
                0x0000000008009730        0x8 ./Core/Src/system_stm32f1xx.o
                0x0000000008009730                APBPrescTable
 .rodata.MSC_Page00_Inquiry_Data
                0x0000000008009738        0x7 ./Middlewares/ST/STM32_USB_Device_Library/Class/MSC/Src/usbd_msc_data.o
                0x0000000008009738                MSC_Page00_Inquiry_Data
 *fill*         0x000000000800973f        0x1 
 .rodata.MSC_Mode_Sense6_data
                0x0000000008009740        0x8 ./Middlewares/ST/STM32_USB_Device_Library/Class/MSC/Src/usbd_msc_data.o
                0x0000000008009740                MSC_Mode_Sense6_data
 .rodata.MSC_Mode_Sense10_data
                0x0000000008009748        0x8 ./Middlewares/ST/STM32_USB_Device_Library/Class/MSC/Src/usbd_msc_data.o
                0x0000000008009748                MSC_Mode_Sense10_data
 .rodata.STORAGE_Inquirydata_FS
                0x0000000008009750       0x24 ./USB_DEVICE/App/usbd_storage_if.o
                0x0000000008009750                STORAGE_Inquirydata_FS
                0x0000000008009774                . = ALIGN (0x4)

.rel.dyn        0x0000000008009774        0x0
 .rel.iplt      0x0000000008009774        0x0 c:/st/stm32cubeide_1.8.0/stm32cubeide/plugins/com.st.stm32cube.ide.mcu.externaltools.gnu-tools-for-stm32.9-2020-q2-update.win32_2.0.0.202105311346/tools/bin/../lib/gcc/arm-none-eabi/9.3.1/thumb/v7-m/nofp/crtbegin.o

.ARM.extab      0x0000000008009774        0x0
                0x0000000008009774                . = ALIGN (0x4)
 *(.ARM.extab* .gnu.linkonce.armextab.*)
                0x0000000008009774                . = ALIGN (0x4)

.ARM            0x0000000008009774        0x0
                0x0000000008009774                . = ALIGN (0x4)
                0x0000000008009774                __exidx_start = .
 *(.ARM.exidx*)
                0x0000000008009774                __exidx_end = .
                0x0000000008009774                . = ALIGN (0x4)

.preinit_array  0x0000000008009774        0x0
                0x0000000008009774                . = ALIGN (0x4)
                0x0000000008009774                PROVIDE (__preinit_array_start = .)
 *(.preinit_array*)
                0x0000000008009774                PROVIDE (__preinit_array_end = .)
                0x0000000008009774                . = ALIGN (0x4)

.init_array     0x0000000008009774        0x4
                0x0000000008009774                . = ALIGN (0x4)
                0x0000000008009774                PROVIDE (__init_array_start = .)
 *(SORT_BY_NAME(.init_array.*))
 *(.init_array*)
 .init_array    0x0000000008009774        0x4 c:/st/stm32cubeide_1.8.0/stm32cubeide/plugins/com.st.stm32cube.ide.mcu.externaltools.gnu-tools-for-stm32.9-2020-q2-update.win32_2.0.0.202105311346/tools/bin/../lib/gcc/arm-none-eabi/9.3.1/thumb/v7-m/nofp/crtbegin.o
                0x0000000008009778                PROVIDE (__init_array_end = .)
                0x0000000008009778                . = ALIGN (0x4)

.fini_array     0x0000000008009778        0x4
                0x0000000008009778                . = ALIGN (0x4)
                [!provide]                        PROVIDE (__fini_array_start = .)
 *(SORT_BY_NAME(.fini_array.*))
 *(.fini_array*)
 .fini_array    0x0000000008009778        0x4 c:/st/stm32cubeide_1.8.0/stm32cubeide/plugins/com.st.stm32cube.ide.mcu.externaltools.gnu-tools-for-stm32.9-2020-q2-update.win32_2.0.0.202105311346/tools/bin/../lib/gcc/arm-none-eabi/9.3.1/thumb/v7-m/nofp/crtbegin.o
                [!provide]                        PROVIDE (__fini_array_end = .)
                0x000000000800977c                . = ALIGN (0x4)
                0x000000000800977c                _sidata = LOADADDR (.data)

.data           0x0000000020000000      0x134 load address 0x000000000800977c
                0x0000000020000000                . = ALIGN (0x4)
                0x0000000020000000                _sdata = .
 *(.data)
 *(.data*)
 .data.SystemCoreClock
                0x0000000020000000        0x4 ./Core/Src/system_stm32f1xx.o
                0x0000000020000000                SystemCoreClock
 .data.uwTickPrio
                0x0000000020000004        0x4 ./Drivers/STM32F1xx_HAL_Driver/Src/stm32f1xx_hal.o
                0x0000000020000004                uwTickPrio
 .data.uwTickFreq
                0x0000000020000008        0x1 ./Drivers/STM32F1xx_HAL_Driver/Src/stm32f1xx_hal.o
                0x0000000020000008                uwTickFreq
 .data.Stat     0x0000000020000009        0x1 ./FATFS/Target/user_diskio.o
 *fill*         0x000000002000000a        0x2 
 .data.USER_Driver
                0x000000002000000c       0x14 ./FATFS/Target/user_diskio.o
                0x000000002000000c                USER_Driver
 .data.USBD_MSC
                0x0000000020000020       0x38 ./Middlewares/ST/STM32_USB_Device_Library/Class/MSC/Src/usbd_msc.o
                0x0000000020000020                USBD_MSC
 .data.USBD_MSC_CfgHSDesc
                0x0000000020000058       0x20 ./Middlewares/ST/STM32_USB_Device_Library/Class/MSC/Src/usbd_msc.o
                0x0000000020000058                USBD_MSC_CfgHSDesc
 .data.USBD_MSC_CfgFSDesc
                0x0000000020000078       0x20 ./Middlewares/ST/STM32_USB_Device_Library/Class/MSC/Src/usbd_msc.o
                0x0000000020000078                USBD_MSC_CfgFSDesc
 .data.USBD_MSC_OtherSpeedCfgDesc
                0x0000000020000098       0x20 ./Middlewares/ST/STM32_USB_Device_Library/Class/MSC/Src/usbd_msc.o
                0x0000000020000098                USBD_MSC_OtherSpeedCfgDesc
 .data.USBD_MSC_DeviceQualifierDesc
                0x00000000200000b8        0xa ./Middlewares/ST/STM32_USB_Device_Library/Class/MSC/Src/usbd_msc.o
                0x00000000200000b8                USBD_MSC_DeviceQualifierDesc
 *fill*         0x00000000200000c2        0x2 
 .data.FS_Desc  0x00000000200000c4       0x1c ./USB_DEVICE/App/usbd_desc.o
                0x00000000200000c4                FS_Desc
 .data.USBD_FS_DeviceDesc
                0x00000000200000e0       0x12 ./USB_DEVICE/App/usbd_desc.o
                0x00000000200000e0                USBD_FS_DeviceDesc
 *fill*         0x00000000200000f2        0x2 
 .data.USBD_LangIDDesc
                0x00000000200000f4        0x4 ./USB_DEVICE/App/usbd_desc.o
                0x00000000200000f4                USBD_LangIDDesc
 .data.USBD_StringSerial
                0x00000000200000f8       0x1a ./USB_DEVICE/App/usbd_desc.o
                0x00000000200000f8                USBD_StringSerial
 *fill*         0x0000000020000112        0x2 
 .data.USBD_Storage_Interface_fops_FS
                0x0000000020000114       0x20 ./USB_DEVICE/App/usbd_storage_if.o
                0x0000000020000114                USBD_Storage_Interface_fops_FS
 *(.RamFunc)
 *(.RamFunc*)
                0x0000000020000134                . = ALIGN (0x4)
                0x0000000020000134                _edata = .

.igot.plt       0x0000000020000134        0x0 load address 0x00000000080098b0
 .igot.plt      0x0000000020000134        0x0 c:/st/stm32cubeide_1.8.0/stm32cubeide/plugins/com.st.stm32cube.ide.mcu.externaltools.gnu-tools-for-stm32.9-2020-q2-update.win32_2.0.0.202105311346/tools/bin/../lib/gcc/arm-none-eabi/9.3.1/thumb/v7-m/nofp/crtbegin.o
                0x0000000020000134                . = ALIGN (0x4)

.bss            0x0000000020000134      0xf94 load address 0x00000000080098b0
                0x0000000020000134                _sbss = .
                0x0000000020000134                __bss_start__ = _sbss
 *(.bss)
 .bss           0x0000000020000134       0x1c c:/st/stm32cubeide_1.8.0/stm32cubeide/plugins/com.st.stm32cube.ide.mcu.externaltools.gnu-tools-for-stm32.9-2020-q2-update.win32_2.0.0.202105311346/tools/bin/../lib/gcc/arm-none-eabi/9.3.1/thumb/v7-m/nofp/crtbegin.o
 *(.bss*)
 .bss.cfgidx.8247
                0x0000000020000150        0x1 ./Middlewares/ST/STM32_USB_Device_Library/Core/Src/usbd_ctlreq.o
 *fill*         0x0000000020000151        0x3 
 .bss.disk      0x0000000020000154        0xc ./Middlewares/Third_Party/FatFs/src/ff_gen_drv.o
                0x0000000020000154                disk
 .bss.mem.8381  0x0000000020000160      0x270 ./USB_DEVICE/Target/usbd_conf.o
 *(COMMON)
 COMMON         0x00000000200003d0       0xe0 ./Core/Src/main.o
                0x00000000200003d0                hspi2
                0x0000000020000428                hadc1
                0x0000000020000458                hrtc
                0x000000002000046c                huart2
 COMMON         0x00000000200004b0        0x4 ./Drivers/STM32F1xx_HAL_Driver/Src/stm32f1xx_hal.o
                0x00000000200004b0                uwTick
 COMMON         0x00000000200004b4      0x464 ./FATFS/App/fatfs.o
                0x00000000200004b4                USERPath
                0x00000000200004b8                retUSER
                0x00000000200004bc                USERFile
                0x00000000200006e8                USERFatFS
 COMMON         0x0000000020000918      0x2c4 ./USB_DEVICE/App/usb_device.o
                0x0000000020000918                hUsbDeviceFS
 COMMON         0x0000000020000bdc      0x200 ./USB_DEVICE/App/usbd_desc.o
                0x0000000020000bdc                USBD_StrDesc
 COMMON         0x0000000020000ddc      0x2ec ./USB_DEVICE/Target/usbd_conf.o
                0x0000000020000ddc                hpcd_USB_FS
                0x00000000200010c8                . = ALIGN (0x4)
                0x00000000200010c8                _ebss = .
                0x00000000200010c8                __bss_end__ = _ebss

._user_heap_stack
                0x00000000200010c8      0x600 load address 0x00000000080098b0
                0x00000000200010c8                . = ALIGN (0x8)
                [!provide]                        PROVIDE (end = .)
                0x00000000200010c8                PROVIDE (_end = .)
                0x00000000200012c8                . = (. + _Min_Heap_Size)
 *fill*         0x00000000200010c8      0x200 
                0x00000000200016c8                . = (. + _Min_Stack_Size)
 *fill*         0x00000000200012c8      0x400 
                0x00000000200016c8                . = ALIGN (0x8)

/DISCARD/
 libc.a(*)
 libm.a(*)
 libgcc.a(*)

.ARM.attributes
                0x0000000000000000       0x29
 *(.ARM.attributes)
 .ARM.attributes
                0x0000000000000000       0x1d c:/st/stm32cubeide_1.8.0/stm32cubeide/plugins/com.st.stm32cube.ide.mcu.externaltools.gnu-tools-for-stm32.9-2020-q2-update.win32_2.0.0.202105311346/tools/bin/../lib/gcc/arm-none-eabi/9.3.1/thumb/v7-m/nofp/crti.o
 .ARM.attributes
                0x000000000000001d       0x2d c:/st/stm32cubeide_1.8.0/stm32cubeide/plugins/com.st.stm32cube.ide.mcu.externaltools.gnu-tools-for-stm32.9-2020-q2-update.win32_2.0.0.202105311346/tools/bin/../lib/gcc/arm-none-eabi/9.3.1/thumb/v7-m/nofp/crtbegin.o
 .ARM.attributes
                0x000000000000004a       0x2d ./Core/Src/main.o
 .ARM.attributes
                0x0000000000000077       0x2d ./Core/Src/stm32f1xx_hal_msp.o
 .ARM.attributes
                0x00000000000000a4       0x2d ./Core/Src/stm32f1xx_it.o
 .ARM.attributes
                0x00000000000000d1       0x2d ./Core/Src/system_stm32f1xx.o
 .ARM.attributes
                0x00000000000000fe       0x21 ./Core/Startup/startup_stm32f103c8tx.o
 .ARM.attributes
                0x000000000000011f       0x2d ./Drivers/STM32F1xx_HAL_Driver/Src/stm32f1xx_hal.o
 .ARM.attributes
                0x000000000000014c       0x2d ./Drivers/STM32F1xx_HAL_Driver/Src/stm32f1xx_hal_adc.o
 .ARM.attributes
                0x0000000000000179       0x2d ./Drivers/STM32F1xx_HAL_Driver/Src/stm32f1xx_hal_cortex.o
 .ARM.attributes
                0x00000000000001a6       0x2d ./Drivers/STM32F1xx_HAL_Driver/Src/stm32f1xx_hal_gpio.o
 .ARM.attributes
                0x00000000000001d3       0x2d ./Drivers/STM32F1xx_HAL_Driver/Src/stm32f1xx_hal_pcd.o
 .ARM.attributes
                0x0000000000000200       0x2d ./Drivers/STM32F1xx_HAL_Driver/Src/stm32f1xx_hal_pcd_ex.o
 .ARM.attributes
                0x000000000000022d       0x2d ./Drivers/STM32F1xx_HAL_Driver/Src/stm32f1xx_hal_pwr.o
 .ARM.attributes
                0x000000000000025a       0x2d ./Drivers/STM32F1xx_HAL_Driver/Src/stm32f1xx_hal_rcc.o
 .ARM.attributes
                0x0000000000000287       0x2d ./Drivers/STM32F1xx_HAL_Driver/Src/stm32f1xx_hal_rcc_ex.o
 .ARM.attributes
                0x00000000000002b4       0x2d ./Drivers/STM32F1xx_HAL_Driver/Src/stm32f1xx_hal_rtc.o
 .ARM.attributes
                0x00000000000002e1       0x2d ./Drivers/STM32F1xx_HAL_Driver/Src/stm32f1xx_hal_spi.o
 .ARM.attributes
                0x000000000000030e       0x2d ./Drivers/STM32F1xx_HAL_Driver/Src/stm32f1xx_hal_uart.o
 .ARM.attributes
                0x000000000000033b       0x2d ./Drivers/STM32F1xx_HAL_Driver/Src/stm32f1xx_ll_usb.o
 .ARM.attributes
                0x0000000000000368       0x2d ./FATFS/App/fatfs.o
 .ARM.attributes
                0x0000000000000395       0x2d ./FATFS/Target/user_diskio.o
 .ARM.attributes
                0x00000000000003c2       0x2d ./Middlewares/ST/STM32_USB_Device_Library/Class/MSC/Src/usbd_msc.o
 .ARM.attributes
                0x00000000000003ef       0x2d ./Middlewares/ST/STM32_USB_Device_Library/Class/MSC/Src/usbd_msc_bot.o
 .ARM.attributes
                0x000000000000041c       0x33 ./Middlewares/ST/STM32_USB_Device_Library/Class/MSC/Src/usbd_msc_data.o
 .ARM.attributes
                0x000000000000044f       0x2d ./Middlewares/ST/STM32_USB_Device_Library/Class/MSC/Src/usbd_msc_scsi.o
 .ARM.attributes
                0x000000000000047c       0x2d ./Middlewares/ST/STM32_USB_Device_Library/Core/Src/usbd_core.o
 .ARM.attributes
                0x00000000000004a9       0x2d ./Middlewares/ST/STM32_USB_Device_Library/Core/Src/usbd_ctlreq.o
 .ARM.attributes
                0x00000000000004d6       0x2d ./Middlewares/ST/STM32_USB_Device_Library/Core/Src/usbd_ioreq.o
 .ARM.attributes
                0x0000000000000503       0x2d ./Middlewares/Third_Party/FatFs/src/ff_gen_drv.o
 .ARM.attributes
                0x0000000000000530       0x2d ./USB_DEVICE/App/usb_device.o
 .ARM.attributes
                0x000000000000055d       0x2d ./USB_DEVICE/App/usbd_desc.o
 .ARM.attributes
                0x000000000000058a       0x2d ./USB_DEVICE/App/usbd_storage_if.o
 .ARM.attributes
                0x00000000000005b7       0x2d ./USB_DEVICE/Target/usbd_conf.o
 .ARM.attributes
                0x00000000000005e4       0x2d c:/st/stm32cubeide_1.8.0/stm32cubeide/plugins/com.st.stm32cube.ide.mcu.externaltools.gnu-tools-for-stm32.9-2020-q2-update.win32_2.0.0.202105311346/tools/bin/../lib/gcc/arm-none-eabi/9.3.1/../../../../arm-none-eabi/lib/thumb/v7-m/nofp\libc_nano.a(lib_a-init.o)
 .ARM.attributes
                0x0000000000000611       0x2d c:/st/stm32cubeide_1.8.0/stm32cubeide/plugins/com.st.stm32cube.ide.mcu.externaltools.gnu-tools-for-stm32.9-2020-q2-update.win32_2.0.0.202105311346/tools/bin/../lib/gcc/arm-none-eabi/9.3.1/../../../../arm-none-eabi/lib/thumb/v7-m/nofp\libc_nano.a(lib_a-memset.o)
 .ARM.attributes
                0x000000000000063e       0x1d c:/st/stm32cubeide_1.8.0/stm32cubeide/plugins/com.st.stm32cube.ide.mcu.externaltools.gnu-tools-for-stm32.9-2020-q2-update.win32_2.0.0.202105311346/tools/bin/../lib/gcc/arm-none-eabi/9.3.1/thumb/v7-m/nofp/crtn.o
OUTPUT(enLog.elf elf32-littlearm)
LOAD linker stubs
LOAD c:/st/stm32cubeide_1.8.0/stm32cubeide/plugins/com.st.stm32cube.ide.mcu.externaltools.gnu-tools-for-stm32.9-2020-q2-update.win32_2.0.0.202105311346/tools/bin/../lib/gcc/arm-none-eabi/9.3.1/../../../../arm-none-eabi/lib/thumb/v7-m/nofp\libc.a
LOAD c:/st/stm32cubeide_1.8.0/stm32cubeide/plugins/com.st.stm32cube.ide.mcu.externaltools.gnu-tools-for-stm32.9-2020-q2-update.win32_2.0.0.202105311346/tools/bin/../lib/gcc/arm-none-eabi/9.3.1/../../../../arm-none-eabi/lib/thumb/v7-m/nofp\libm.a
LOAD c:/st/stm32cubeide_1.8.0/stm32cubeide/plugins/com.st.stm32cube.ide.mcu.externaltools.gnu-tools-for-stm32.9-2020-q2-update.win32_2.0.0.202105311346/tools/bin/../lib/gcc/arm-none-eabi/9.3.1/thumb/v7-m/nofp\libgcc.a

.debug_info     0x0000000000000000    0x1d0dc
 .debug_info    0x0000000000000000     0x1e85 ./Core/Src/main.o
 .debug_info    0x0000000000001e85     0x10c3 ./Core/Src/stm32f1xx_hal_msp.o
 .debug_info    0x0000000000002f48      0x713 ./Core/Src/stm32f1xx_it.o
 .debug_info    0x000000000000365b      0x2be ./Core/Src/system_stm32f1xx.o
 .debug_info    0x0000000000003919       0x22 ./Core/Startup/startup_stm32f103c8tx.o
 .debug_info    0x000000000000393b      0x76a ./Drivers/STM32F1xx_HAL_Driver/Src/stm32f1xx_hal.o
 .debug_info    0x00000000000040a5      0xd2d ./Drivers/STM32F1xx_HAL_Driver/Src/stm32f1xx_hal_adc.o
 .debug_info    0x0000000000004dd2      0xbdc ./Drivers/STM32F1xx_HAL_Driver/Src/stm32f1xx_hal_cortex.o
 .debug_info    0x00000000000059ae      0x701 ./Drivers/STM32F1xx_HAL_Driver/Src/stm32f1xx_hal_gpio.o
 .debug_info    0x00000000000060af     0x1509 ./Drivers/STM32F1xx_HAL_Driver/Src/stm32f1xx_hal_pcd.o
 .debug_info    0x00000000000075b8      0x7fc ./Drivers/STM32F1xx_HAL_Driver/Src/stm32f1xx_hal_pcd_ex.o
 .debug_info    0x0000000000007db4      0x730 ./Drivers/STM32F1xx_HAL_Driver/Src/stm32f1xx_hal_pwr.o
 .debug_info    0x00000000000084e4      0x88e ./Drivers/STM32F1xx_HAL_Driver/Src/stm32f1xx_hal_rcc.o
 .debug_info    0x0000000000008d72      0x480 ./Drivers/STM32F1xx_HAL_Driver/Src/stm32f1xx_hal_rcc_ex.o
 .debug_info    0x00000000000091f2      0xdf9 ./Drivers/STM32F1xx_HAL_Driver/Src/stm32f1xx_hal_rtc.o
 .debug_info    0x0000000000009feb     0x16bf ./Drivers/STM32F1xx_HAL_Driver/Src/stm32f1xx_hal_spi.o
 .debug_info    0x000000000000b6aa     0x161a ./Drivers/STM32F1xx_HAL_Driver/Src/stm32f1xx_hal_uart.o
 .debug_info    0x000000000000ccc4     0x19e6 ./Drivers/STM32F1xx_HAL_Driver/Src/stm32f1xx_ll_usb.o
 .debug_info    0x000000000000e6aa      0x5e8 ./FATFS/App/fatfs.o
 .debug_info    0x000000000000ec92      0xced ./FATFS/Target/user_diskio.o
 .debug_info    0x000000000000f97f     0x1541 ./Middlewares/ST/STM32_USB_Device_Library/Class/MSC/Src/usbd_msc.o
 .debug_info    0x0000000000010ec0     0x14e4 ./Middlewares/ST/STM32_USB_Device_Library/Class/MSC/Src/usbd_msc_bot.o
 .debug_info    0x00000000000123a4      0xa84 ./Middlewares/ST/STM32_USB_Device_Library/Class/MSC/Src/usbd_msc_data.o
 .debug_info    0x0000000000012e28     0x18d4 ./Middlewares/ST/STM32_USB_Device_Library/Class/MSC/Src/usbd_msc_scsi.o
 .debug_info    0x00000000000146fc     0x12ef ./Middlewares/ST/STM32_USB_Device_Library/Core/Src/usbd_core.o
 .debug_info    0x00000000000159eb     0x125c ./Middlewares/ST/STM32_USB_Device_Library/Core/Src/usbd_ctlreq.o
 .debug_info    0x0000000000016c47     0x102e ./Middlewares/ST/STM32_USB_Device_Library/Core/Src/usbd_ioreq.o
 .debug_info    0x0000000000017c75      0x495 ./Middlewares/Third_Party/FatFs/src/ff_gen_drv.o
 .debug_info    0x000000000001810a     0x102f ./USB_DEVICE/App/usb_device.o
 .debug_info    0x0000000000019139      0xde8 ./USB_DEVICE/App/usbd_desc.o
 .debug_info    0x0000000000019f21     0x11cb ./USB_DEVICE/App/usbd_storage_if.o
 .debug_info    0x000000000001b0ec     0x1ff0 ./USB_DEVICE/Target/usbd_conf.o

.debug_abbrev   0x0000000000000000     0x4604
 .debug_abbrev  0x0000000000000000      0x30f ./Core/Src/main.o
 .debug_abbrev  0x000000000000030f      0x206 ./Core/Src/stm32f1xx_hal_msp.o
 .debug_abbrev  0x0000000000000515      0x173 ./Core/Src/stm32f1xx_it.o
 .debug_abbrev  0x0000000000000688      0x14e ./Core/Src/system_stm32f1xx.o
 .debug_abbrev  0x00000000000007d6       0x12 ./Core/Startup/startup_stm32f103c8tx.o
 .debug_abbrev  0x00000000000007e8      0x1ed ./Drivers/STM32F1xx_HAL_Driver/Src/stm32f1xx_hal.o
 .debug_abbrev  0x00000000000009d5      0x1fb ./Drivers/STM32F1xx_HAL_Driver/Src/stm32f1xx_hal_adc.o
 .debug_abbrev  0x0000000000000bd0      0x313 ./Drivers/STM32F1xx_HAL_Driver/Src/stm32f1xx_hal_cortex.o
 .debug_abbrev  0x0000000000000ee3      0x1e8 ./Drivers/STM32F1xx_HAL_Driver/Src/stm32f1xx_hal_gpio.o
 .debug_abbrev  0x00000000000010cb      0x29e ./Drivers/STM32F1xx_HAL_Driver/Src/stm32f1xx_hal_pcd.o
 .debug_abbrev  0x0000000000001369      0x1ac ./Drivers/STM32F1xx_HAL_Driver/Src/stm32f1xx_hal_pcd_ex.o
 .debug_abbrev  0x0000000000001515      0x213 ./Drivers/STM32F1xx_HAL_Driver/Src/stm32f1xx_hal_pwr.o
 .debug_abbrev  0x0000000000001728      0x273 ./Drivers/STM32F1xx_HAL_Driver/Src/stm32f1xx_hal_rcc.o
 .debug_abbrev  0x000000000000199b      0x193 ./Drivers/STM32F1xx_HAL_Driver/Src/stm32f1xx_hal_rcc_ex.o
 .debug_abbrev  0x0000000000001b2e      0x236 ./Drivers/STM32F1xx_HAL_Driver/Src/stm32f1xx_hal_rtc.o
 .debug_abbrev  0x0000000000001d64      0x26e ./Drivers/STM32F1xx_HAL_Driver/Src/stm32f1xx_hal_spi.o
 .debug_abbrev  0x0000000000001fd2      0x28b ./Drivers/STM32F1xx_HAL_Driver/Src/stm32f1xx_hal_uart.o
 .debug_abbrev  0x000000000000225d      0x1fa ./Drivers/STM32F1xx_HAL_Driver/Src/stm32f1xx_ll_usb.o
 .debug_abbrev  0x0000000000002457      0x19d ./FATFS/App/fatfs.o
 .debug_abbrev  0x00000000000025f4      0x22e ./FATFS/Target/user_diskio.o
 .debug_abbrev  0x0000000000002822      0x2b5 ./Middlewares/ST/STM32_USB_Device_Library/Class/MSC/Src/usbd_msc.o
 .debug_abbrev  0x0000000000002ad7      0x2eb ./Middlewares/ST/STM32_USB_Device_Library/Class/MSC/Src/usbd_msc_bot.o
 .debug_abbrev  0x0000000000002dc2      0x1ad ./Middlewares/ST/STM32_USB_Device_Library/Class/MSC/Src/usbd_msc_data.o
 .debug_abbrev  0x0000000000002f6f      0x324 ./Middlewares/ST/STM32_USB_Device_Library/Class/MSC/Src/usbd_msc_scsi.o
 .debug_abbrev  0x0000000000003293      0x2a8 ./Middlewares/ST/STM32_USB_Device_Library/Core/Src/usbd_core.o
 .debug_abbrev  0x000000000000353b      0x2de ./Middlewares/ST/STM32_USB_Device_Library/Core/Src/usbd_ctlreq.o
 .debug_abbrev  0x0000000000003819      0x20a ./Middlewares/ST/STM32_USB_Device_Library/Core/Src/usbd_ioreq.o
 .debug_abbrev  0x0000000000003a23      0x1bc ./Middlewares/Third_Party/FatFs/src/ff_gen_drv.o
 .debug_abbrev  0x0000000000003bdf      0x1e9 ./USB_DEVICE/App/usb_device.o
 .debug_abbrev  0x0000000000003dc8      0x2ca ./USB_DEVICE/App/usbd_desc.o
 .debug_abbrev  0x0000000000004092      0x250 ./USB_DEVICE/App/usbd_storage_if.o
 .debug_abbrev  0x00000000000042e2      0x322 ./USB_DEVICE/Target/usbd_conf.o

.debug_aranges  0x0000000000000000     0x12c8
 .debug_aranges
                0x0000000000000000       0x58 ./Core/Src/main.o
 .debug_aranges
                0x0000000000000058       0x60 ./Core/Src/stm32f1xx_hal_msp.o
 .debug_aranges
                0x00000000000000b8       0x68 ./Core/Src/stm32f1xx_it.o
 .debug_aranges
                0x0000000000000120       0x28 ./Core/Src/system_stm32f1xx.o
 .debug_aranges
                0x0000000000000148       0x28 ./Core/Startup/startup_stm32f103c8tx.o
 .debug_aranges
                0x0000000000000170       0xe0 ./Drivers/STM32F1xx_HAL_Driver/Src/stm32f1xx_hal.o
 .debug_aranges
                0x0000000000000250       0xf0 ./Drivers/STM32F1xx_HAL_Driver/Src/stm32f1xx_hal_adc.o
 .debug_aranges
                0x0000000000000340      0x100 ./Drivers/STM32F1xx_HAL_Driver/Src/stm32f1xx_hal_cortex.o
 .debug_aranges
                0x0000000000000440       0x58 ./Drivers/STM32F1xx_HAL_Driver/Src/stm32f1xx_hal_gpio.o
 .debug_aranges
                0x0000000000000498      0x138 ./Drivers/STM32F1xx_HAL_Driver/Src/stm32f1xx_hal_pcd.o
 .debug_aranges
                0x00000000000005d0       0x38 ./Drivers/STM32F1xx_HAL_Driver/Src/stm32f1xx_hal_pcd_ex.o
 .debug_aranges
                0x0000000000000608       0xa8 ./Drivers/STM32F1xx_HAL_Driver/Src/stm32f1xx_hal_pwr.o
 .debug_aranges
                0x00000000000006b0       0x90 ./Drivers/STM32F1xx_HAL_Driver/Src/stm32f1xx_hal_rcc.o
 .debug_aranges
                0x0000000000000740       0x30 ./Drivers/STM32F1xx_HAL_Driver/Src/stm32f1xx_hal_rcc_ex.o
 .debug_aranges
                0x0000000000000770       0xf8 ./Drivers/STM32F1xx_HAL_Driver/Src/stm32f1xx_hal_rtc.o
 .debug_aranges
                0x0000000000000868      0x1d0 ./Drivers/STM32F1xx_HAL_Driver/Src/stm32f1xx_hal_spi.o
 .debug_aranges
                0x0000000000000a38      0x200 ./Drivers/STM32F1xx_HAL_Driver/Src/stm32f1xx_hal_uart.o
 .debug_aranges
                0x0000000000000c38       0xf0 ./Drivers/STM32F1xx_HAL_Driver/Src/stm32f1xx_ll_usb.o
 .debug_aranges
                0x0000000000000d28       0x28 ./FATFS/App/fatfs.o
 .debug_aranges
                0x0000000000000d50       0x40 ./FATFS/Target/user_diskio.o
 .debug_aranges
                0x0000000000000d90       0x68 ./Middlewares/ST/STM32_USB_Device_Library/Class/MSC/Src/usbd_msc.o
 .debug_aranges
                0x0000000000000df8       0x68 ./Middlewares/ST/STM32_USB_Device_Library/Class/MSC/Src/usbd_msc_bot.o
 .debug_aranges
                0x0000000000000e60       0x18 ./Middlewares/ST/STM32_USB_Device_Library/Class/MSC/Src/usbd_msc_data.o
 .debug_aranges
                0x0000000000000e78       0x98 ./Middlewares/ST/STM32_USB_Device_Library/Class/MSC/Src/usbd_msc_scsi.o
 .debug_aranges
                0x0000000000000f10       0xb8 ./Middlewares/ST/STM32_USB_Device_Library/Core/Src/usbd_core.o
 .debug_aranges
                0x0000000000000fc8       0x88 ./Middlewares/ST/STM32_USB_Device_Library/Core/Src/usbd_ctlreq.o
 .debug_aranges
                0x0000000000001050       0x50 ./Middlewares/ST/STM32_USB_Device_Library/Core/Src/usbd_ioreq.o
 .debug_aranges
                0x00000000000010a0       0x40 ./Middlewares/Third_Party/FatFs/src/ff_gen_drv.o
 .debug_aranges
                0x00000000000010e0       0x20 ./USB_DEVICE/App/usb_device.o
 .debug_aranges
                0x0000000000001100       0x60 ./USB_DEVICE/App/usbd_desc.o
 .debug_aranges
                0x0000000000001160       0x50 ./USB_DEVICE/App/usbd_storage_if.o
 .debug_aranges
                0x00000000000011b0      0x118 ./USB_DEVICE/Target/usbd_conf.o

.debug_ranges   0x0000000000000000     0x10f8
 .debug_ranges  0x0000000000000000       0x48 ./Core/Src/main.o
 .debug_ranges  0x0000000000000048       0x50 ./Core/Src/stm32f1xx_hal_msp.o
 .debug_ranges  0x0000000000000098       0x58 ./Core/Src/stm32f1xx_it.o
 .debug_ranges  0x00000000000000f0       0x18 ./Core/Src/system_stm32f1xx.o
 .debug_ranges  0x0000000000000108       0x20 ./Core/Startup/startup_stm32f103c8tx.o
 .debug_ranges  0x0000000000000128       0xd0 ./Drivers/STM32F1xx_HAL_Driver/Src/stm32f1xx_hal.o
 .debug_ranges  0x00000000000001f8       0xe0 ./Drivers/STM32F1xx_HAL_Driver/Src/stm32f1xx_hal_adc.o
 .debug_ranges  0x00000000000002d8       0xf0 ./Drivers/STM32F1xx_HAL_Driver/Src/stm32f1xx_hal_cortex.o
 .debug_ranges  0x00000000000003c8       0x48 ./Drivers/STM32F1xx_HAL_Driver/Src/stm32f1xx_hal_gpio.o
 .debug_ranges  0x0000000000000410      0x128 ./Drivers/STM32F1xx_HAL_Driver/Src/stm32f1xx_hal_pcd.o
 .debug_ranges  0x0000000000000538       0x28 ./Drivers/STM32F1xx_HAL_Driver/Src/stm32f1xx_hal_pcd_ex.o
 .debug_ranges  0x0000000000000560       0x98 ./Drivers/STM32F1xx_HAL_Driver/Src/stm32f1xx_hal_pwr.o
 .debug_ranges  0x00000000000005f8       0x80 ./Drivers/STM32F1xx_HAL_Driver/Src/stm32f1xx_hal_rcc.o
 .debug_ranges  0x0000000000000678       0x20 ./Drivers/STM32F1xx_HAL_Driver/Src/stm32f1xx_hal_rcc_ex.o
 .debug_ranges  0x0000000000000698       0xe8 ./Drivers/STM32F1xx_HAL_Driver/Src/stm32f1xx_hal_rtc.o
 .debug_ranges  0x0000000000000780      0x1c0 ./Drivers/STM32F1xx_HAL_Driver/Src/stm32f1xx_hal_spi.o
 .debug_ranges  0x0000000000000940      0x220 ./Drivers/STM32F1xx_HAL_Driver/Src/stm32f1xx_hal_uart.o
 .debug_ranges  0x0000000000000b60       0xe0 ./Drivers/STM32F1xx_HAL_Driver/Src/stm32f1xx_ll_usb.o
 .debug_ranges  0x0000000000000c40       0x18 ./FATFS/App/fatfs.o
 .debug_ranges  0x0000000000000c58       0x30 ./FATFS/Target/user_diskio.o
 .debug_ranges  0x0000000000000c88       0x58 ./Middlewares/ST/STM32_USB_Device_Library/Class/MSC/Src/usbd_msc.o
 .debug_ranges  0x0000000000000ce0       0x58 ./Middlewares/ST/STM32_USB_Device_Library/Class/MSC/Src/usbd_msc_bot.o
 .debug_ranges  0x0000000000000d38       0x88 ./Middlewares/ST/STM32_USB_Device_Library/Class/MSC/Src/usbd_msc_scsi.o
 .debug_ranges  0x0000000000000dc0       0xa8 ./Middlewares/ST/STM32_USB_Device_Library/Core/Src/usbd_core.o
 .debug_ranges  0x0000000000000e68       0x78 ./Middlewares/ST/STM32_USB_Device_Library/Core/Src/usbd_ctlreq.o
 .debug_ranges  0x0000000000000ee0       0x40 ./Middlewares/ST/STM32_USB_Device_Library/Core/Src/usbd_ioreq.o
 .debug_ranges  0x0000000000000f20       0x30 ./Middlewares/Third_Party/FatFs/src/ff_gen_drv.o
 .debug_ranges  0x0000000000000f50       0x10 ./USB_DEVICE/App/usb_device.o
 .debug_ranges  0x0000000000000f60       0x50 ./USB_DEVICE/App/usbd_desc.o
 .debug_ranges  0x0000000000000fb0       0x40 ./USB_DEVICE/App/usbd_storage_if.o
 .debug_ranges  0x0000000000000ff0      0x108 ./USB_DEVICE/Target/usbd_conf.o

.debug_macro    0x0000000000000000    0x1ceaf
 .debug_macro   0x0000000000000000      0x42b ./Core/Src/main.o
 .debug_macro   0x000000000000042b      0xa9c ./Core/Src/main.o
 .debug_macro   0x0000000000000ec7      0x22d ./Core/Src/main.o
 .debug_macro   0x00000000000010f4       0x2e ./Core/Src/main.o
 .debug_macro   0x0000000000001122       0x22 ./Core/Src/main.o
 .debug_macro   0x0000000000001144       0x22 ./Core/Src/main.o
 .debug_macro   0x0000000000001166       0x8e ./Core/Src/main.o
 .debug_macro   0x00000000000011f4       0x51 ./Core/Src/main.o
 .debug_macro   0x0000000000001245      0x103 ./Core/Src/main.o
 .debug_macro   0x0000000000001348       0x6a ./Core/Src/main.o
 .debug_macro   0x00000000000013b2      0x1df ./Core/Src/main.o
 .debug_macro   0x0000000000001591       0x1c ./Core/Src/main.o
 .debug_macro   0x00000000000015ad       0x22 ./Core/Src/main.o
 .debug_macro   0x00000000000015cf       0xc3 ./Core/Src/main.o
 .debug_macro   0x0000000000001692      0xd23 ./Core/Src/main.o
 .debug_macro   0x00000000000023b5     0xe09e ./Core/Src/main.o
 .debug_macro   0x0000000000010453       0x6d ./Core/Src/main.o
 .debug_macro   0x00000000000104c0     0x3468 ./Core/Src/main.o
 .debug_macro   0x0000000000013928      0x174 ./Core/Src/main.o
 .debug_macro   0x0000000000013a9c       0x5c ./Core/Src/main.o
 .debug_macro   0x0000000000013af8      0x5be ./Core/Src/main.o
 .debug_macro   0x00000000000140b6      0x289 ./Core/Src/main.o
 .debug_macro   0x000000000001433f      0x1cb ./Core/Src/main.o
 .debug_macro   0x000000000001450a      0x114 ./Core/Src/main.o
 .debug_macro   0x000000000001461e      0x1b2 ./Core/Src/main.o
 .debug_macro   0x00000000000147d0       0x27 ./Core/Src/main.o
 .debug_macro   0x00000000000147f7      0x136 ./Core/Src/main.o
 .debug_macro   0x000000000001492d      0x1bc ./Core/Src/main.o
 .debug_macro   0x0000000000014ae9       0x34 ./Core/Src/main.o
 .debug_macro   0x0000000000014b1d       0x3c ./Core/Src/main.o
 .debug_macro   0x0000000000014b59       0x57 ./Core/Src/main.o
 .debug_macro   0x0000000000014bb0      0x46a ./Core/Src/main.o
 .debug_macro   0x000000000001501a      0x1b5 ./Core/Src/main.o
 .debug_macro   0x00000000000151cf       0x88 ./Core/Src/main.o
 .debug_macro   0x0000000000015257      0x241 ./Core/Src/main.o
 .debug_macro   0x0000000000015498      0x141 ./Core/Src/main.o
 .debug_macro   0x00000000000155d9      0x1ef ./Core/Src/main.o
 .debug_macro   0x00000000000157c8       0xec ./Core/Src/main.o
 .debug_macro   0x00000000000158b4      0x217 ./Core/Src/main.o
 .debug_macro   0x0000000000015acb      0x279 ./Core/Src/main.o
 .debug_macro   0x0000000000015d44       0x65 ./Core/Src/main.o
 .debug_macro   0x0000000000015da9      0x249 ./Core/Src/main.o
 .debug_macro   0x0000000000015ff2       0x83 ./Core/Src/main.o
 .debug_macro   0x0000000000016075       0x10 ./Core/Src/main.o
 .debug_macro   0x0000000000016085       0xde ./Core/Src/main.o
 .debug_macro   0x0000000000016163       0xf5 ./Core/Src/main.o
 .debug_macro   0x0000000000016258       0x8e ./Core/Src/main.o
 .debug_macro   0x00000000000162e6       0x52 ./Core/Src/main.o
 .debug_macro   0x0000000000016338       0x18 ./Core/Src/main.o
 .debug_macro   0x0000000000016350       0x3c ./Core/Src/main.o
 .debug_macro   0x000000000001638c       0x34 ./Core/Src/main.o
 .debug_macro   0x00000000000163c0       0x16 ./Core/Src/main.o
 .debug_macro   0x00000000000163d6       0x35 ./Core/Src/main.o
 .debug_macro   0x000000000001640b      0x333 ./Core/Src/main.o
 .debug_macro   0x000000000001673e       0x10 ./Core/Src/main.o
 .debug_macro   0x000000000001674e       0x16 ./Core/Src/main.o
 .debug_macro   0x0000000000016764       0x43 ./Core/Src/main.o
 .debug_macro   0x00000000000167a7       0x34 ./Core/Src/main.o
 .debug_macro   0x00000000000167db       0x10 ./Core/Src/main.o
 .debug_macro   0x00000000000167eb       0x58 ./Core/Src/main.o
 .debug_macro   0x0000000000016843       0x71 ./Core/Src/main.o
 .debug_macro   0x00000000000168b4       0x1c ./Core/Src/main.o
 .debug_macro   0x00000000000168d0      0x12a ./Core/Src/main.o
 .debug_macro   0x00000000000169fa       0x10 ./Core/Src/main.o
 .debug_macro   0x0000000000016a0a       0x1c ./Core/Src/main.o
 .debug_macro   0x0000000000016a26       0x52 ./Core/Src/main.o
 .debug_macro   0x0000000000016a78       0x22 ./Core/Src/main.o
 .debug_macro   0x0000000000016a9a       0x10 ./Core/Src/main.o
 .debug_macro   0x0000000000016aaa       0x40 ./Core/Src/main.o
 .debug_macro   0x0000000000016aea       0xd5 ./Core/Src/main.o
 .debug_macro   0x0000000000016bbf       0x1c ./Core/Src/main.o
 .debug_macro   0x0000000000016bdb       0x3d ./Core/Src/main.o
 .debug_macro   0x0000000000016c18       0x16 ./Core/Src/main.o
 .debug_macro   0x0000000000016c2e      0x145 ./Core/Src/main.o
 .debug_macro   0x0000000000016d73       0x16 ./Core/Src/main.o
 .debug_macro   0x0000000000016d89       0x16 ./Core/Src/main.o
 .debug_macro   0x0000000000016d9f       0x29 ./Core/Src/main.o
 .debug_macro   0x0000000000016dc8       0x16 ./Core/Src/main.o
 .debug_macro   0x0000000000016dde       0x20 ./Core/Src/main.o
 .debug_macro   0x0000000000016dfe       0x5f ./Core/Src/main.o
 .debug_macro   0x0000000000016e5d      0x1c8 ./Core/Src/main.o
 .debug_macro   0x0000000000017025      0x1f3 ./Core/Src/stm32f1xx_hal_msp.o
 .debug_macro   0x0000000000017218      0x1fd ./Core/Src/stm32f1xx_it.o
 .debug_macro   0x0000000000017415      0x1e4 ./Core/Src/system_stm32f1xx.o
 .debug_macro   0x00000000000175f9      0x208 ./Drivers/STM32F1xx_HAL_Driver/Src/stm32f1xx_hal.o
 .debug_macro   0x0000000000017801      0x201 ./Drivers/STM32F1xx_HAL_Driver/Src/stm32f1xx_hal_adc.o
 .debug_macro   0x0000000000017a02      0x1e4 ./Drivers/STM32F1xx_HAL_Driver/Src/stm32f1xx_hal_cortex.o
 .debug_macro   0x0000000000017be6      0x24f ./Drivers/STM32F1xx_HAL_Driver/Src/stm32f1xx_hal_gpio.o
 .debug_macro   0x0000000000017e35      0x1f0 ./Drivers/STM32F1xx_HAL_Driver/Src/stm32f1xx_hal_pcd.o
 .debug_macro   0x0000000000018025      0x1e4 ./Drivers/STM32F1xx_HAL_Driver/Src/stm32f1xx_hal_pcd_ex.o
 .debug_macro   0x0000000000018209      0x244 ./Drivers/STM32F1xx_HAL_Driver/Src/stm32f1xx_hal_pwr.o
 .debug_macro   0x000000000001844d      0x1f6 ./Drivers/STM32F1xx_HAL_Driver/Src/stm32f1xx_hal_rcc.o
 .debug_macro   0x0000000000018643      0x1e4 ./Drivers/STM32F1xx_HAL_Driver/Src/stm32f1xx_hal_rcc_ex.o
 .debug_macro   0x0000000000018827      0x1f3 ./Drivers/STM32F1xx_HAL_Driver/Src/stm32f1xx_hal_rtc.o
 .debug_macro   0x0000000000018a1a      0x1ec ./Drivers/STM32F1xx_HAL_Driver/Src/stm32f1xx_hal_spi.o
 .debug_macro   0x0000000000018c06      0x1e5 ./Drivers/STM32F1xx_HAL_Driver/Src/stm32f1xx_hal_uart.o
 .debug_macro   0x0000000000018deb      0x1e4 ./Drivers/STM32F1xx_HAL_Driver/Src/stm32f1xx_ll_usb.o
 .debug_macro   0x0000000000018fcf      0x246 ./FATFS/App/fatfs.o
 .debug_macro   0x0000000000019215       0xd8 ./FATFS/App/fatfs.o
 .debug_macro   0x00000000000192ed      0x2fb ./FATFS/Target/user_diskio.o
 .debug_macro   0x00000000000195e8       0x10 ./FATFS/Target/user_diskio.o
 .debug_macro   0x00000000000195f8       0x16 ./FATFS/Target/user_diskio.o
 .debug_macro   0x000000000001960e       0x7c ./FATFS/Target/user_diskio.o
 .debug_macro   0x000000000001968a       0xbd ./FATFS/Target/user_diskio.o
 .debug_macro   0x0000000000019747       0x56 ./FATFS/Target/user_diskio.o
 .debug_macro   0x000000000001979d      0x425 ./Middlewares/ST/STM32_USB_Device_Library/Class/MSC/Src/usbd_msc.o
 .debug_macro   0x0000000000019bc2       0x97 ./Middlewares/ST/STM32_USB_Device_Library/Class/MSC/Src/usbd_msc.o
 .debug_macro   0x0000000000019c59       0xfd ./Middlewares/ST/STM32_USB_Device_Library/Class/MSC/Src/usbd_msc.o
 .debug_macro   0x0000000000019d56      0x1ce ./Middlewares/ST/STM32_USB_Device_Library/Class/MSC/Src/usbd_msc.o
 .debug_macro   0x0000000000019f24       0x7c ./Middlewares/ST/STM32_USB_Device_Library/Class/MSC/Src/usbd_msc.o
 .debug_macro   0x0000000000019fa0      0x15a ./Middlewares/ST/STM32_USB_Device_Library/Class/MSC/Src/usbd_msc.o
 .debug_macro   0x000000000001a0fa       0x34 ./Middlewares/ST/STM32_USB_Device_Library/Class/MSC/Src/usbd_msc.o
 .debug_macro   0x000000000001a12e      0x42d ./Middlewares/ST/STM32_USB_Device_Library/Class/MSC/Src/usbd_msc_bot.o
 .debug_macro   0x000000000001a55b      0x3ce ./Middlewares/ST/STM32_USB_Device_Library/Class/MSC/Src/usbd_msc_data.o
 .debug_macro   0x000000000001a929       0x1c ./Middlewares/ST/STM32_USB_Device_Library/Class/MSC/Src/usbd_msc_data.o
 .debug_macro   0x000000000001a945      0x436 ./Middlewares/ST/STM32_USB_Device_Library/Class/MSC/Src/usbd_msc_scsi.o
 .debug_macro   0x000000000001ad7b       0x22 ./Middlewares/ST/STM32_USB_Device_Library/Class/MSC/Src/usbd_msc_scsi.o
 .debug_macro   0x000000000001ad9d      0x3f0 ./Middlewares/ST/STM32_USB_Device_Library/Core/Src/usbd_core.o
 .debug_macro   0x000000000001b18d      0x3fa ./Middlewares/ST/STM32_USB_Device_Library/Core/Src/usbd_ctlreq.o
 .debug_macro   0x000000000001b587      0x3f6 ./Middlewares/ST/STM32_USB_Device_Library/Core/Src/usbd_ioreq.o
 .debug_macro   0x000000000001b97d      0x233 ./Middlewares/Third_Party/FatFs/src/ff_gen_drv.o
 .debug_macro   0x000000000001bbb0      0x43c ./USB_DEVICE/App/usb_device.o
 .debug_macro   0x000000000001bfec       0x16 ./USB_DEVICE/App/usb_device.o
 .debug_macro   0x000000000001c002       0x22 ./USB_DEVICE/App/usb_device.o
 .debug_macro   0x000000000001c024       0x82 ./USB_DEVICE/App/usb_device.o
 .debug_macro   0x000000000001c0a6      0x160 ./USB_DEVICE/App/usb_device.o
 .debug_macro   0x000000000001c206      0x42d ./USB_DEVICE/App/usbd_desc.o
 .debug_macro   0x000000000001c633       0x1c ./USB_DEVICE/App/usbd_desc.o
 .debug_macro   0x000000000001c64f      0x441 ./USB_DEVICE/App/usbd_storage_if.o
 .debug_macro   0x000000000001ca90      0x41f ./USB_DEVICE/Target/usbd_conf.o

.debug_line     0x0000000000000000    0x18d40
 .debug_line    0x0000000000000000      0xc47 ./Core/Src/main.o
 .debug_line    0x0000000000000c47      0x832 ./Core/Src/stm32f1xx_hal_msp.o
 .debug_line    0x0000000000001479      0x7e6 ./Core/Src/stm32f1xx_it.o
 .debug_line    0x0000000000001c5f      0x78a ./Core/Src/system_stm32f1xx.o
 .debug_line    0x00000000000023e9       0x87 ./Core/Startup/startup_stm32f103c8tx.o
 .debug_line    0x0000000000002470      0x9b7 ./Drivers/STM32F1xx_HAL_Driver/Src/stm32f1xx_hal.o
 .debug_line    0x0000000000002e27     0x102e ./Drivers/STM32F1xx_HAL_Driver/Src/stm32f1xx_hal_adc.o
 .debug_line    0x0000000000003e55      0xb9f ./Drivers/STM32F1xx_HAL_Driver/Src/stm32f1xx_hal_cortex.o
 .debug_line    0x00000000000049f4      0xa4e ./Drivers/STM32F1xx_HAL_Driver/Src/stm32f1xx_hal_gpio.o
 .debug_line    0x0000000000005442     0x13a5 ./Drivers/STM32F1xx_HAL_Driver/Src/stm32f1xx_hal_pcd.o
 .debug_line    0x00000000000067e7      0x785 ./Drivers/STM32F1xx_HAL_Driver/Src/stm32f1xx_hal_pcd_ex.o
 .debug_line    0x0000000000006f6c      0x939 ./Drivers/STM32F1xx_HAL_Driver/Src/stm32f1xx_hal_pwr.o
 .debug_line    0x00000000000078a5      0xdc5 ./Drivers/STM32F1xx_HAL_Driver/Src/stm32f1xx_hal_rcc.o
 .debug_line    0x000000000000866a      0x903 ./Drivers/STM32F1xx_HAL_Driver/Src/stm32f1xx_hal_rcc_ex.o
 .debug_line    0x0000000000008f6d     0x1129 ./Drivers/STM32F1xx_HAL_Driver/Src/stm32f1xx_hal_rtc.o
 .debug_line    0x000000000000a096     0x1c3c ./Drivers/STM32F1xx_HAL_Driver/Src/stm32f1xx_hal_spi.o
 .debug_line    0x000000000000bcd2     0x1a92 ./Drivers/STM32F1xx_HAL_Driver/Src/stm32f1xx_hal_uart.o
 .debug_line    0x000000000000d764     0x10bf ./Drivers/STM32F1xx_HAL_Driver/Src/stm32f1xx_ll_usb.o
 .debug_line    0x000000000000e823      0x7a7 ./FATFS/App/fatfs.o
 .debug_line    0x000000000000efca      0x934 ./FATFS/Target/user_diskio.o
 .debug_line    0x000000000000f8fe      0xcef ./Middlewares/ST/STM32_USB_Device_Library/Class/MSC/Src/usbd_msc.o
 .debug_line    0x00000000000105ed      0xcdb ./Middlewares/ST/STM32_USB_Device_Library/Class/MSC/Src/usbd_msc_bot.o
 .debug_line    0x00000000000112c8      0x9c3 ./Middlewares/ST/STM32_USB_Device_Library/Class/MSC/Src/usbd_msc_data.o
 .debug_line    0x0000000000011c8b     0x104c ./Middlewares/ST/STM32_USB_Device_Library/Class/MSC/Src/usbd_msc_scsi.o
 .debug_line    0x0000000000012cd7      0xe19 ./Middlewares/ST/STM32_USB_Device_Library/Core/Src/usbd_core.o
 .debug_line    0x0000000000013af0     0x1038 ./Middlewares/ST/STM32_USB_Device_Library/Core/Src/usbd_ctlreq.o
 .debug_line    0x0000000000014b28      0xaaf ./Middlewares/ST/STM32_USB_Device_Library/Core/Src/usbd_ioreq.o
 .debug_line    0x00000000000155d7      0x835 ./Middlewares/Third_Party/FatFs/src/ff_gen_drv.o